Archive member included to satisfy reference by file (symbol)

D:/Programming/devkitPro/libgba/lib\libmm.a(mm_mas.o)
                              bn_hw_audio.bn_noflto.o (mmStart)
D:/Programming/devkitPro/libgba/lib\libmm.a(mm_main.o)
                              D:/Programming/devkitPro/libgba/lib\libmm.a(mm_mas.o) (mmCallback)
D:/Programming/devkitPro/libgba/lib\libmm.a(mm_effect.o)
                              bn_hw_audio.bn_noflto.o (mmEffect)
D:/Programming/devkitPro/libgba/lib\libmm.a(mm_mas_arm.o)
                              D:/Programming/devkitPro/libgba/lib\libmm.a(mm_mas.o) (mmAllocChannel)
D:/Programming/devkitPro/libgba/lib\libmm.a(mm_mixer_gba.o)
                              bn_hw_audio.bn_noflto.o (mmVBlank)
D:/Programming/devkitPro/libgba/lib\libmm.a(mm_main_gba.o)
                              D:/Programming/devkitPro/libgba/lib\libmm.a(mm_mixer_gba.o) (mm_vblank_function)
d:/programming/devkitpro/devkitarm/bin/../lib/gcc/arm-none-eabi/12.2.0/thumb\libgcc.a(_call_via_rX.o)
                              D:/Programming/devkitPro/libgba/lib\libmm.a(mm_main_gba.o) (_call_via_r1)
d:/programming/devkitpro/devkitarm/bin/../lib/gcc/arm-none-eabi/12.2.0/thumb\libgcc.a(_aeabi_ldivmod.o)
                              bn_hw_text.o (__aeabi_ldivmod)
d:/programming/devkitpro/devkitarm/bin/../lib/gcc/arm-none-eabi/12.2.0/thumb\libgcc.a(_aeabi_uldivmod.o)
                              bn_hw_text.o (__aeabi_uldivmod)
d:/programming/devkitpro/devkitarm/bin/../lib/gcc/arm-none-eabi/12.2.0/thumb\libgcc.a(_udivmoddi4.o)
                              d:/programming/devkitpro/devkitarm/bin/../lib/gcc/arm-none-eabi/12.2.0/thumb\libgcc.a(_aeabi_ldivmod.o) (__udivmoddi4)
d:/programming/devkitpro/devkitarm/bin/../lib/gcc/arm-none-eabi/12.2.0/../../../../arm-none-eabi/lib/thumb\libg.a(lib_a-init.o)
                              d:/programming/devkitpro/devkitarm/bin/../lib/gcc/arm-none-eabi/12.2.0/../../../../arm-none-eabi/lib/thumb/gba_crt0.o (__libc_init_array)
d:/programming/devkitpro/devkitarm/bin/../lib/gcc/arm-none-eabi/12.2.0/../../../../arm-none-eabi/lib/thumb\libsysbase.a(malloc_vars.o)
                              d:/programming/devkitpro/devkitarm/bin/../lib/gcc/arm-none-eabi/12.2.0/../../../../arm-none-eabi/lib/thumb/gba_crt0.o (fake_heap_end)

Discarded input sections

 .text          0x0000000000000000        0x0 d:/programming/devkitpro/devkitarm/bin/../lib/gcc/arm-none-eabi/12.2.0/../../../../arm-none-eabi/lib/thumb/gba_crt0.o
 .data          0x0000000000000000        0x0 d:/programming/devkitpro/devkitarm/bin/../lib/gcc/arm-none-eabi/12.2.0/../../../../arm-none-eabi/lib/thumb/gba_crt0.o
 .bss           0x0000000000000000        0x0 d:/programming/devkitpro/devkitarm/bin/../lib/gcc/arm-none-eabi/12.2.0/../../../../arm-none-eabi/lib/thumb/gba_crt0.o
 .text          0x0000000000000000        0x0 d:/programming/devkitpro/devkitarm/bin/../lib/gcc/arm-none-eabi/12.2.0/thumb/crti.o
 .data          0x0000000000000000        0x0 d:/programming/devkitpro/devkitarm/bin/../lib/gcc/arm-none-eabi/12.2.0/thumb/crti.o
 .bss           0x0000000000000000        0x0 d:/programming/devkitpro/devkitarm/bin/../lib/gcc/arm-none-eabi/12.2.0/thumb/crti.o
 .text          0x0000000000000000        0x0 d:/programming/devkitpro/devkitarm/bin/../lib/gcc/arm-none-eabi/12.2.0/thumb/crtbegin.o
 .data          0x0000000000000000        0x0 d:/programming/devkitpro/devkitarm/bin/../lib/gcc/arm-none-eabi/12.2.0/thumb/crtbegin.o
 .bss           0x0000000000000000        0x0 d:/programming/devkitpro/devkitarm/bin/../lib/gcc/arm-none-eabi/12.2.0/thumb/crtbegin.o
 .rodata.all_implied_fbits
                0x0000000000000000       0x24 d:/programming/devkitpro/devkitarm/bin/../lib/gcc/arm-none-eabi/12.2.0/thumb/crtbegin.o
 .data.__dso_handle
                0x0000000000000000        0x4 d:/programming/devkitpro/devkitarm/bin/../lib/gcc/arm-none-eabi/12.2.0/thumb/crtbegin.o
 .text          0x0000000000000000        0x0 _bn_audio_soundbank.bin.o
 .data          0x0000000000000000        0x0 _bn_audio_soundbank.bin.o
 .bss           0x0000000000000000        0x0 _bn_audio_soundbank.bin.o
 .text          0x0000000000000000        0x0 main.o
 .data          0x0000000000000000        0x0 main.o
 .bss           0x0000000000000000        0x0 main.o
 .group         0x0000000000000000        0xc bn_audio_manager.o
 .group         0x0000000000000000        0xc bn_audio_manager.o
 .group         0x0000000000000000        0xc bn_audio_manager.o
 .group         0x0000000000000000        0xc bn_audio_manager.o
 .group         0x0000000000000000        0xc bn_audio_manager.o
 .group         0x0000000000000000        0xc bn_audio_manager.o
 .group         0x0000000000000000        0xc bn_audio_manager.o
 .group         0x0000000000000000        0xc bn_audio_manager.o
 .group         0x0000000000000000        0xc bn_audio_manager.o
[...]
Memory Configuration

Name             Origin             Length             Attributes
rom              0x0000000008000000 0x0000000002000000
iwram            0x0000000003000000 0x0000000000008000
ewram            0x0000000002000000 0x0000000000040000
*default*        0x0000000000000000 0xffffffffffffffff

Linker script and memory map

                0x0000000008000000                __text_start = ORIGIN (rom)
                0x0000000002040000                __eheap_end = (ORIGIN (ewram) + LENGTH (ewram))
                0x0000000003000000                __iwram_start = ORIGIN (iwram)
                0x0000000003008000                __iwram_top = (ORIGIN (iwram) + LENGTH (iwram))
                0x0000000003007fa0                __sp_irq = (__iwram_top - 0x60)
                0x0000000003007f00                __sp_usr = (__sp_irq - 0xa0)
                0x0000000003007ff8                __irq_flags = 0x3007ff8
                0x0000000008000000                . = __text_start

.crt0           0x0000000008000000      0x210
 *(.crt0)
 .crt0          0x0000000008000000      0x210 d:/programming/devkitpro/devkitarm/bin/../lib/gcc/arm-none-eabi/12.2.0/../../../../arm-none-eabi/lib/thumb/gba_crt0.o
                0x0000000008000000                _start
                0x00000000080000c4                __boot_method
                0x00000000080000c5                __slave_number
                0x00000000080000e0                start_vector
                0x0000000008000210                . = ALIGN (0x4)

.init           0x0000000008000210        0xc
 *(SORT_NONE(.init))
 .init          0x0000000008000210        0x4 d:/programming/devkitpro/devkitarm/bin/../lib/gcc/arm-none-eabi/12.2.0/thumb/crti.o
                0x0000000008000210                _init
 .init          0x0000000008000214        0x8 d:/programming/devkitpro/devkitarm/bin/../lib/gcc/arm-none-eabi/12.2.0/thumb/crtn.o

.plt            0x000000000800021c        0x0
 *(.plt)
                0x000000000800021c                . = ALIGN (0x4)

.text           0x0000000008000220     0xd4a8
 *(EXCLUDE_FILE(*.iwram*) .text*)
 .text.__do_global_dtors_aux
                0x0000000008000220       0x2c d:/programming/devkitpro/devkitarm/bin/../lib/gcc/arm-none-eabi/12.2.0/thumb/crtbegin.o
 .text.frame_dummy
                0x000000000800024c       0x24 d:/programming/devkitpro/devkitarm/bin/../lib/gcc/arm-none-eabi/12.2.0/thumb/crtbegin.o
 .text.startup.main
                0x0000000008000270        0xc main.o
                0x0000000008000270                main
 .text._ZN2bn13audio_manager4initEv
                0x000000000800027c        0xc bn_audio_manager.o
                0x000000000800027c                bn::audio_manager::init()
 .text._ZN2bn13audio_manager7disableEv
                0x0000000008000288        0xc bn_audio_manager.o
                0x0000000008000288                bn::audio_manager::disable()
 .text._ZN2bn13audio_manager22disable_vblank_handlerEv
                0x0000000008000294        0xc bn_audio_manager.o
                0x0000000008000294                bn::audio_manager::disable_vblank_handler()
 .text._ZN2bn13audio_manager6updateEv
                0x00000000080002a0       0x18 bn_audio_manager.o
                0x00000000080002a0                bn::audio_manager::update()
 .text._ZN2bn13audio_manager6commitEv
                0x00000000080002b8        0xc bn_audio_manager.o
                0x00000000080002b8                bn::audio_manager::commit()
 .text._ZN3_bn6assert9show_argsIA18_ciEEvPKcS4_S4_iRKT_RKT0_
                0x00000000080002c4       0x58 bn_audio_manager.o
                0x00000000080002c4                void _bn::assert::show_args<char [18], int>(char const*, char const*, char const*, int, char const (&) [18], int const&)
 .text._ZN3_bn6assert9show_argsIA14_ciEEvPKcS4_S4_iRKT_RKT0_
                0x000000000800031c       0x58 bn_audio_manager.o
                0x000000000800031c                void _bn::assert::show_args<char [14], int>(char const*, char const*, char const*, int, char const (&) [14], int const&)
 .text._ZN2bn13audio_manager16execute_commandsEv
                0x0000000008000374      0x240 bn_audio_manager.o
                0x0000000008000374                bn::audio_manager::execute_commands()
 .text._ZN3_bn6assert9show_argsIA26_ciEEvPKcS4_S4_iRKT_RKT0_
                0x00000000080005b4       0x58 bn_audio_manager.o
                0x00000000080005b4                void _bn::assert::show_args<char [26], int>(char const*, char const*, char const*, int, char const (&) [26], int const&)
 .text._ZN3_bn6assert9show_argsIA33_cEEvPKcS4_S4_iRKT_
                0x000000000800060c       0x50 bn_audio_manager.o
                0x000000000800060c                void _bn::assert::show_args<char [33]>(char const*, char const*, char const*, int, char const (&) [33])
 .text._ZN3_bn6assert9show_argsIA25_cEEvPKcS4_S4_iRKT_
                0x000000000800065c       0x50 bn_audio_manager.o
                0x000000000800065c                void _bn::assert::show_args<char [25]>(char const*, char const*, char const*, int, char const (&) [25])
 .text._ZN2bn13audio_manager10stop_musicEv
                0x00000000080006ac       0x70 bn_audio_manager.o
                0x00000000080006ac                bn::audio_manager::stop_music()
 .text._ZN2bn13audio_manager4stopEv
                0x000000000800071c       0x60 bn_audio_manager.o
                0x000000000800071c                bn::audio_manager::stop()
 .text._ZN3_bn6assert9show_argsIA24_cEEvPKcS4_S4_iRKT_
                0x000000000800077c       0x50 bn_audio_manager.o
                0x000000000800077c                void _bn::assert::show_args<char [24]>(char const*, char const*, char const*, int, char const (&) [24])
 .text.startup._GLOBAL__sub_I__ZN2bn5audio16update_on_vblankEv
                0x00000000080007cc       0x38 bn_audio_manager.o
 .text._ZN3_bn6assert9show_argsIA23_cEEvPKcS4_S4_iRKT_
                0x0000000008000804       0x50 bn_best_fit_allocator.o
                0x0000000008000804                void _bn::assert::show_args<char [23]>(char const*, char const*, char const*, int, char const (&) [23])
 .text._ZN2bn18best_fit_allocatorD2Ev
                0x0000000008000854       0x34 bn_best_fit_allocator.o
                0x0000000008000854                bn::best_fit_allocator::~best_fit_allocator()
                0x0000000008000854                bn::best_fit_allocator::~best_fit_allocator()
 .text._ZN3_bn6assert9show_argsIA16_ciEEvPKcS4_S4_iRKT_RKT0_
                0x0000000008000888       0x58 bn_best_fit_allocator.o
                0x0000000008000888                void _bn::assert::show_args<char [16], int>(char const*, char const*, char const*, int, char const (&) [16], int const&)
 .text._ZN3_bn6assert9show_argsIA14_cEEvPKcS4_S4_iRKT_
                0x00000000080008e0       0x50 bn_best_fit_allocator.o
                0x00000000080008e0                void _bn::assert::show_args<char [14]>(char const*, char const*, char const*, int, char const (&) [14])
 .text._ZN3_bn6assert9show_argsIA21_cEEvPKcS4_S4_iRKT_
                0x0000000008000930       0x50 bn_best_fit_allocator.o
                0x0000000008000930                void _bn::assert::show_args<char [21]>(char const*, char const*, char const*, int, char const (&) [21])
 .text._ZN2bn18best_fit_allocator5resetEPvi
                0x0000000008000980       0xc4 bn_best_fit_allocator.o
                0x0000000008000980                bn::best_fit_allocator::reset(void*, int)
 .text._ZN2bn13ostringstream11append_argsIiJA4_ciEEEvRKT_DpRKT0_.isra.0
                0x0000000008000a44       0x24 bn_bg_blocks_manager.o
 .text._ZNK2bn18regular_bg_map_ptr2idEv
                0x0000000008000a68       0x18 bn_bg_blocks_manager.o
                0x0000000008000a68                bn::regular_bg_map_ptr::id() const
 .text._ZNK2bn18regular_bg_map_ptr10dimensionsEv
                0x0000000008000a80       0x20 bn_bg_blocks_manager.o
                0x0000000008000a80                bn::regular_bg_map_ptr::dimensions() const
 .text._ZNK2bn20regular_bg_tiles_ptr3cbbEv
                0x0000000008000aa0       0x18 bn_bg_blocks_manager.o
                0x0000000008000aa0                bn::regular_bg_tiles_ptr::cbb() const
 .text._ZNK2bn17affine_bg_map_ptr2idEv
                0x0000000008000ab8       0x18 bn_bg_blocks_manager.o
                0x0000000008000ab8                bn::affine_bg_map_ptr::id() const
 .text._ZNK2bn17affine_bg_map_ptr10dimensionsEv
                0x0000000008000ad0       0x20 bn_bg_blocks_manager.o
                0x0000000008000ad0                bn::affine_bg_map_ptr::dimensions() const
 .text._ZNK2bn19affine_bg_tiles_ptr3cbbEv
                0x0000000008000af0       0x18 bn_bg_blocks_manager.o
                0x0000000008000af0                bn::affine_bg_tiles_ptr::cbb() const
 .text._ZN2bn17bg_blocks_manager15decrease_usagesEi
                0x0000000008000b08       0x98 bn_bg_blocks_manager.o
                0x0000000008000b08                bn::bg_blocks_manager::decrease_usages(int)
 .text._ZN2bn17bg_blocks_manager12_GLOBAL__N_110items_list12insert_afterEiRKNS1_9item_typeE.constprop.0
                0x0000000008000ba0      0x240 bn_bg_blocks_manager.o
 .text._ZN2bn17bg_blocks_manager4initEv
                0x0000000008000de0       0x7c bn_bg_blocks_manager.o
                0x0000000008000de0                bn::bg_blocks_manager::init()
 .text._ZN2bn17bg_blocks_manager11must_commitEi
                0x0000000008000e5c       0x18 bn_bg_blocks_manager.o
                0x0000000008000e5c                bn::bg_blocks_manager::must_commit(int)
 .text._ZN3_bn6assert9show_argsIA15_ciEEvPKcS4_S4_iRKT_RKT0_
                0x0000000008000e74       0x58 bn_bg_blocks_manager.o
                0x0000000008000e74                void _bn::assert::show_args<char [15], int>(char const*, char const*, char const*, int, char const (&) [15], int const&)
 .text._ZN3_bn6assert9show_argsIJA58_ciA4_ciEEEvPKcS5_S5_iDpRKT_
                0x0000000008000ecc       0x5c bn_bg_blocks_manager.o
                0x0000000008000ecc                void _bn::assert::show_args<char [58], int, char [4], int>(char const*, char const*, char const*, int, char const (&) [58], int const&, char const (&) [4], int const&)
 .text._ZN3_bn6assert9show_argsIA19_cEEvPKcS4_S4_iRKT_
                0x0000000008000f28       0x50 bn_bg_blocks_manager.o
                0x0000000008000f28                void _bn::assert::show_args<char [19]>(char const*, char const*, char const*, int, char const (&) [19])
 .text._ZN3_bn6assert9show_argsIA22_cEEvPKcS4_S4_iRKT_
                0x0000000008000f78       0x50 bn_bg_blocks_manager.o
                0x0000000008000f78                void _bn::assert::show_args<char [22]>(char const*, char const*, char const*, int, char const (&) [22])
 .text._ZNK2bn17affine_bg_map_ptr5tilesEv
                0x0000000008000fc8       0x48 bn_bg_blocks_manager.o
                0x0000000008000fc8                bn::affine_bg_map_ptr::tiles() const
 .text._ZNK2bn18regular_bg_map_ptr5tilesEv
                0x0000000008001010       0x48 bn_bg_blocks_manager.o
                0x0000000008001010                bn::regular_bg_map_ptr::tiles() const
 .text._ZNK2bn18regular_bg_map_ptr3bppEv
                0x0000000008001058       0x4c bn_bg_blocks_manager.o
                0x0000000008001058                bn::regular_bg_map_ptr::bpp() const
 .text._ZN2bn17bg_blocks_manager21update_affine_map_rowEiii
                0x00000000080010a4      0x104 bn_bg_blocks_manager.o
                0x00000000080010a4                bn::bg_blocks_manager::update_affine_map_row(int, int, int)
 .text._ZN2bn17bg_blocks_manager23set_affine_map_positionEiii
                0x00000000080011a8      0x1b0 bn_bg_blocks_manager.o
                0x00000000080011a8                bn::bg_blocks_manager::set_affine_map_position(int, int, int)
 .text._ZN2bn17bg_blocks_manager21update_affine_map_colEiii
                0x0000000008001358      0x224 bn_bg_blocks_manager.o
                0x0000000008001358                bn::bg_blocks_manager::update_affine_map_col(int, int, int)
 .text._ZN2bn17bg_blocks_manager22update_regular_map_colEiii
                0x000000000800157c      0x174 bn_bg_blocks_manager.o
                0x000000000800157c                bn::bg_blocks_manager::update_regular_map_col(int, int, int)
 .text._ZN2bn17bg_blocks_manager22update_regular_map_rowEiii
                0x00000000080016f0      0x14c bn_bg_blocks_manager.o
                0x00000000080016f0                bn::bg_blocks_manager::update_regular_map_row(int, int, int)
 .text._ZN2bn17bg_blocks_manager24set_regular_map_positionEiii
                0x000000000800183c      0x1d8 bn_bg_blocks_manager.o
                0x000000000800183c                bn::bg_blocks_manager::set_regular_map_position(int, int, int)
 .text._ZN2bn17bg_blocks_manager12_GLOBAL__N_112_commit_itemERKNS1_9item_typeE
                0x0000000008001a14      0x2bc bn_bg_blocks_manager.o
 .text._ZN2bn17bg_blocks_manager6commitEv
                0x0000000008001cd0       0x40 bn_bg_blocks_manager.o
                0x0000000008001cd0                bn::bg_blocks_manager::commit()
 .text._ZN3_bn6assert9show_argsIA26_cEEvPKcS4_S4_iRKT_
                0x0000000008001d10       0x50 bn_bg_blocks_manager.o
                0x0000000008001d10                void _bn::assert::show_args<char [26]>(char const*, char const*, char const*, int, char const (&) [26])
 .text._ZN3_bn6assert9show_argsIA31_cEEvPKcS4_S4_iRKT_
                0x0000000008001d60       0x50 bn_bg_blocks_manager.o
                0x0000000008001d60                void _bn::assert::show_args<char [31]>(char const*, char const*, char const*, int, char const (&) [31])
 .text._ZN3_bn6assert9show_argsIA17_cEEvPKcS4_S4_iRKT_
                0x0000000008001db0       0x50 bn_bg_blocks_manager.o
                0x0000000008001db0                void _bn::assert::show_args<char [17]>(char const*, char const*, char const*, int, char const (&) [17])
 .text._ZN3_bn6assert9show_argsIA25_ciEEvPKcS4_S4_iRKT_RKT0_
                0x0000000008001e00       0x58 bn_bg_blocks_manager.o
                0x0000000008001e00                void _bn::assert::show_args<char [25], int>(char const*, char const*, char const*, int, char const (&) [25], int const&)
 .text._ZN2bn14iunordered_mapIPKviNS_17bg_blocks_manager12_GLOBAL__N_115identity_hasherENS_8equal_toIS2_EEE5eraseERKNS8_14const_iteratorE.constprop.0.isra.0
                0x0000000008001e58      0x1a4 bn_bg_blocks_manager.o
 .text._ZN2bn17bg_blocks_manager12_GLOBAL__N_121_remove_adjacent_itemEiRNS1_9item_typeE
                0x0000000008001ffc       0xcc bn_bg_blocks_manager.o
 .text._ZN2bn17bg_blocks_manager6updateEv
                0x00000000080020c8      0x200 bn_bg_blocks_manager.o
                0x00000000080020c8                bn::bg_blocks_manager::update()
 .text.startup._GLOBAL__sub_I__ZN2bn7bg_maps16used_cells_countEv
                0x00000000080022c8       0x98 bn_bg_blocks_manager.o
 .text.exit._GLOBAL__sub_D__ZN2bn7bg_maps16used_cells_countEv
                0x0000000008002360       0x50 bn_bg_blocks_manager.o
 .text._ZN2bn11bgs_manager12_GLOBAL__N_133_update_item_hw_affine_attributesERKNS1_9item_typeE
                0x00000000080023b0       0x48 bn_bgs_manager.o
 .text._ZN2bn13ostringstream11append_argsIiJA4_ciEEEvRKT_DpRKT0_.isra.0
                0x00000000080023f8       0x24 bn_bgs_manager.o
 .text._ZN2bn11bgs_manager5hw_idEPv
                0x000000000800241c        0x8 bn_bgs_manager.o
                0x000000000800241c                bn::bgs_manager::hw_id(void*)
 .text._ZN2bn11bgs_manager11hw_positionEPv
                0x0000000008002424        0x4 bn_bgs_manager.o
                0x0000000008002424                bn::bgs_manager::hw_position(void*)
 .text._ZN2bn11bgs_manager14mat_attributesEPv
                0x0000000008002428        0x4 bn_bgs_manager.o
                0x0000000008002428                bn::bgs_manager::mat_attributes(void*)
 .text._ZN2bn11bgs_manager20update_windows_flagsEPj
                0x000000000800242c       0x7c bn_bgs_manager.o
                0x000000000800242c                bn::bgs_manager::update_windows_flags(unsigned int*)
 .text._ZN2bn11bgs_manager36fill_hblank_effect_regular_positionsEiPKNS_7fixed_tILi12EEEPt
                0x00000000080024a8       0x38 bn_bgs_manager.o
                0x00000000080024a8                bn::bgs_manager::fill_hblank_effect_regular_positions(int, bn::fixed_t<12> const*, unsigned short*)
 .text._ZN2bn11bgs_manager45fill_hblank_effect_pivot_horizontal_positionsEPvPKNS_7fixed_tILi12EEEPj
                0x00000000080024e0       0x24 bn_bgs_manager.o
                0x00000000080024e0                bn::bgs_manager::fill_hblank_effect_pivot_horizontal_positions(void*, bn::fixed_t<12> const*, unsigned int*)
 .text._ZN2bn11bgs_manager43fill_hblank_effect_pivot_vertical_positionsEPvPKNS_7fixed_tILi12EEEPj
                0x0000000008002504       0x24 bn_bgs_manager.o
                0x0000000008002504                bn::bgs_manager::fill_hblank_effect_pivot_vertical_positions(void*, bn::fixed_t<12> const*, unsigned int*)
 .text._ZN2bn11bgs_manager6commitEb
                0x0000000008002528       0x58 bn_bgs_manager.o
                0x0000000008002528                bn::bgs_manager::commit(bool)
 .text._ZN2bn11bgs_manager4stopEv
                0x0000000008002580       0x28 bn_bgs_manager.o
                0x0000000008002580                bn::bgs_manager::stop()
 .text._ZN3_bn6assert9show_argsIA30_cEEvPKcS4_S4_iRKT_
                0x00000000080025a8       0x50 bn_bgs_manager.o
                0x00000000080025a8                void _bn::assert::show_args<char [30]>(char const*, char const*, char const*, int, char const (&) [30])
 .text._ZN3_bn6assert9show_argsIJA60_ciA4_ciEEEvPKcS5_S5_iDpRKT_
                0x00000000080025f8       0x5c bn_bgs_manager.o
                0x00000000080025f8                void _bn::assert::show_args<char [60], int, char [4], int>(char const*, char const*, char const*, int, char const (&) [60], int const&, char const (&) [4], int const&)
 .text._ZN3_bn6assert9show_argsIJA59_ciA4_ciEEEvPKcS5_S5_iDpRKT_
                0x0000000008002654       0x5c bn_bgs_manager.o
                0x0000000008002654                void _bn::assert::show_args<char [59], int, char [4], int>(char const*, char const*, char const*, int, char const (&) [59], int const&, char const (&) [4], int const&)
 .text._ZN3_bn6assert9show_argsIJA57_ciA4_ciEEEvPKcS5_S5_iDpRKT_
                0x00000000080026b0       0x5c bn_bgs_manager.o
                0x00000000080026b0                void _bn::assert::show_args<char [57], int, char [4], int>(char const*, char const*, char const*, int, char const (&) [57], int const&, char const (&) [4], int const&)
 .text._ZN2bn11bgs_manager14update_camerasEv
                0x000000000800270c      0x2b4 bn_bgs_manager.o
                0x000000000800270c                bn::bgs_manager::update_cameras()
 .text._ZN3_bn6assert9show_argsIA27_cEEvPKcS4_S4_iRKT_
                0x00000000080029c0       0x50 bn_bgs_manager.o
                0x00000000080029c0                void _bn::assert::show_args<char [27]>(char const*, char const*, char const*, int, char const (&) [27])
 .text._ZN2bn11bgs_manager15rebuild_handlesEv.part.0
                0x0000000008002a10      0x198 bn_bgs_manager.o
 .text._ZN2bn11bgs_manager37fill_hblank_effect_regular_attributesEPvPKNS_21regular_bg_attributesEPt
                0x0000000008002ba8      0x100 bn_bgs_manager.o
                0x0000000008002ba8                bn::bgs_manager::fill_hblank_effect_regular_attributes(void*, bn::regular_bg_attributes const*, unsigned short*)
 .text._ZN2bn11bgs_manager6updateEv
                0x0000000008002ca8      0x1d0 bn_bgs_manager.o
                0x0000000008002ca8                bn::bgs_manager::update()
 .text._ZN2bn11bgs_manager15commit_big_mapsEv
                0x0000000008002e78      0x1d4 bn_bgs_manager.o
                0x0000000008002e78                bn::bgs_manager::commit_big_maps()
 .text._ZN2bn11bgs_manager36fill_hblank_effect_affine_attributesEPvPKNS_20affine_bg_attributesEPt
                0x000000000800304c      0x104 bn_bgs_manager.o
                0x000000000800304c                bn::bgs_manager::fill_hblank_effect_affine_attributes(void*, bn::affine_bg_attributes const*, unsigned short*)
 .text._ZN2bn11bgs_manager11regular_mapEPv
                0x0000000008003150       0x34 bn_bgs_manager.o
                0x0000000008003150                bn::bgs_manager::regular_map(void*)
 .text._ZN2bn11bgs_manager10affine_mapEPv
                0x0000000008003184       0x34 bn_bgs_manager.o
                0x0000000008003184                bn::bgs_manager::affine_map(void*)
 .text._ZN3_bn6assert9show_argsIA15_cEEvPKcS4_S4_iRKT_
                0x00000000080031b8       0x50 bn_bgs_manager.o
                0x00000000080031b8                void _bn::assert::show_args<char [15]>(char const*, char const*, char const*, int, char const (&) [15])
 .text._ZN3_bn6assert9show_argsIA13_cEEvPKcS4_S4_iRKT_
                0x0000000008003208       0x50 bn_bgs_manager.o
                0x0000000008003208                void _bn::assert::show_args<char [13]>(char const*, char const*, char const*, int, char const (&) [13])
 .text.startup._GLOBAL__sub_I__ZN2bn3bgs16used_items_countEv
                0x0000000008003258       0x80 bn_bgs_manager.o
 .text.exit._GLOBAL__sub_D__ZN2bn3bgs16used_items_countEv
                0x00000000080032d8       0x14 bn_bgs_manager.o
 .text._ZN2bn10camera_ptrD2Ev
                0x00000000080032ec       0x38 bn_cameras_manager.o
                0x00000000080032ec                bn::camera_ptr::~camera_ptr()
                0x00000000080032ec                bn::camera_ptr::~camera_ptr()
 .text._ZNK2bn10camera_ptr8positionEv
                0x0000000008003324       0x14 bn_cameras_manager.o
                0x0000000008003324                bn::camera_ptr::position() const
 .text._ZN2bn15cameras_manager4initEv
                0x0000000008003338       0x10 bn_cameras_manager.o
                0x0000000008003338                bn::cameras_manager::init()
 .text._ZN2bn15cameras_manager6updateEv
                0x0000000008003348       0x28 bn_cameras_manager.o
                0x0000000008003348                bn::cameras_manager::update()
 .text._ZN2bn4core12_GLOBAL__N_14stopEb.constprop.0
                0x0000000008003370       0x54 bn_core.o
 .text._ZN2bn4core12_GLOBAL__N_111update_implEv
                0x00000000080033c4       0xd8 bn_core.o
 .text._ZN2bn11string_viewC2EPKc
                0x000000000800349c       0x1c bn_core.o
                0x000000000800349c                bn::string_view::string_view(char const*)
                0x000000000800349c                bn::string_view::string_view(char const*)
 .text._ZN2bn4core6updateEv
                0x00000000080034b8       0x68 bn_core.o
                0x00000000080034b8                bn::core::update()
 .text._ZN2bn4core4initERKNS_11string_viewE
                0x0000000008003520       0x94 bn_core.o
                0x0000000008003520                bn::core::init(bn::string_view const&)
 .text._ZN2bn4core4initEv
                0x00000000080035b4       0x18 bn_core.o
                0x00000000080035b4                bn::core::init()
 .text._ZN2bn4core9on_vblankEv
                0x00000000080035cc       0x2c bn_core.o
                0x00000000080035cc                bn::core::on_vblank()
 .text._ZN3_bn6assert4showEPKcS2_S2_iRKN2bn12istring_baseE
                0x00000000080035f8       0x80 bn_core.o
                0x00000000080035f8                _bn::assert::show(char const*, char const*, char const*, int, bn::istring_base const&)
 .text.startup._GLOBAL__sub_I__ZN2bn4core4initEv
                0x0000000008003678       0x44 bn_core.o
 .text._ZN2bn15display_manager12_GLOBAL__N_134_update_rect_windows_hw_boundariesEi
                0x00000000080036bc       0x8c bn_display_manager.o
 .text._ZN2bn15display_manager4initEv
                0x0000000008003748       0x40 bn_display_manager.o
                0x0000000008003748                bn::display_manager::init()
 .text._ZN2bn15display_manager8set_modeEi
                0x0000000008003788       0x1c bn_display_manager.o
                0x0000000008003788                bn::display_manager::set_mode(int)
 .text._ZN2bn15display_manager14set_bg_enabledEib
                0x00000000080037a4       0x1c bn_display_manager.o
                0x00000000080037a4                bn::display_manager::set_bg_enabled(int, bool)
 .text._ZN2bn15display_manager15disable_all_bgsEv
                0x00000000080037c0       0x18 bn_display_manager.o
                0x00000000080037c0                bn::display_manager::disable_all_bgs()
 .text._ZN2bn15display_manager36fill_mosaic_hblank_effect_attributesEPKNS_17mosaic_attributesEPt
                0x00000000080037d8       0xb4 bn_display_manager.o
                0x00000000080037d8                bn::display_manager::fill_mosaic_hblank_effect_attributes(bn::mosaic_attributes const*, unsigned short*)
 .text._ZN2bn15display_manager23set_blending_bg_enabledEib
                0x000000000800388c       0x14 bn_display_manager.o
                0x000000000800388c                bn::display_manager::set_blending_bg_enabled(int, bool)
 .text._ZN2bn15display_manager32blending_transparency_top_weightEv
                0x00000000080038a0       0x18 bn_display_manager.o
                0x00000000080038a0                bn::display_manager::blending_transparency_top_weight()
 .text._ZN2bn15display_manager35blending_transparency_bottom_weightEv
                0x00000000080038b8       0x28 bn_display_manager.o
                0x00000000080038b8                bn::display_manager::blending_transparency_bottom_weight()
 .text._ZN2bn15display_manager51fill_blending_transparency_hblank_effect_attributesEPKNS_32blending_transparency_attributesEPt
                0x00000000080038e0       0x30 bn_display_manager.o
                0x00000000080038e0                bn::display_manager::fill_blending_transparency_hblank_effect_attributes(bn::blending_transparency_attributes const*, unsigned short*)
 .text._ZN2bn15display_manager21blending_fade_enabledEv
                0x0000000008003910       0x10 bn_display_manager.o
                0x0000000008003910                bn::display_manager::blending_fade_enabled()
 .text._ZN2bn15display_manager39fill_blending_fade_hblank_effect_alphasEPKNS_19blending_fade_alphaEPt
                0x0000000008003920       0x24 bn_display_manager.o
                0x0000000008003920                bn::display_manager::fill_blending_fade_hblank_effect_alphas(bn::blending_fade_alpha const*, unsigned short*)
 .text._ZN2bn15display_manager26update_windows_visible_bgsEv
                0x0000000008003944       0x10 bn_display_manager.o
                0x0000000008003944                bn::display_manager::update_windows_visible_bgs()
 .text._ZN2bn15display_manager36rect_window_hw_horizontal_boundariesEi
                0x0000000008003954       0x14 bn_display_manager.o
                0x0000000008003954                bn::display_manager::rect_window_hw_horizontal_boundaries(int)
 .text._ZN2bn15display_manager34rect_window_hw_vertical_boundariesEi
                0x0000000008003968       0x14 bn_display_manager.o
                0x0000000008003968                bn::display_manager::rect_window_hw_vertical_boundaries(int)
 .text._ZN2bn15display_manager52fill_rect_window_hblank_effect_horizontal_boundariesERKNS_4pairIiiEEPKNS1_INS_7fixed_tILi12EEES6_EEPt
                0x000000000800397c      0x13c bn_display_manager.o
                0x000000000800397c                bn::display_manager::fill_rect_window_hblank_effect_horizontal_boundaries(bn::pair<int, int> const&, bn::pair<bn::fixed_t<12>, bn::fixed_t<12> > const*, unsigned short*)
 .text._ZN2bn15display_manager50fill_rect_window_hblank_effect_vertical_boundariesERKNS_4pairIiiEEPKNS1_INS_7fixed_tILi12EEES6_EEPt
                0x0000000008003ab8      0x13c bn_display_manager.o
                0x0000000008003ab8                bn::display_manager::fill_rect_window_hblank_effect_vertical_boundaries(bn::pair<int, int> const&, bn::pair<bn::fixed_t<12>, bn::fixed_t<12> > const*, unsigned short*)
 .text._ZN2bn15display_manager36fill_green_swap_hblank_effect_statesEPKbPt
                0x0000000008003bf4       0x38 bn_display_manager.o
                0x0000000008003bf4                bn::display_manager::fill_green_swap_hblank_effect_states(bool const*, unsigned short*)
 .text._ZN2bn15display_manager14update_camerasEv
                0x0000000008003c2c       0x40 bn_display_manager.o
                0x0000000008003c2c                bn::display_manager::update_cameras()
 .text._ZN2bn15display_manager6updateEv
                0x0000000008003c6c      0x218 bn_display_manager.o
                0x0000000008003c6c                bn::display_manager::update()
 .text._ZN2bn15display_manager6commitEv
                0x0000000008003e84      0x164 bn_display_manager.o
                0x0000000008003e84                bn::display_manager::commit()
 .text._ZN2bn15display_manager4stopEv
                0x0000000008003fe8       0x28 bn_display_manager.o
                0x0000000008003fe8                bn::display_manager::stop()
 .text._ZN3_bn6assert9show_argsIA66_cEEvPKcS4_S4_iRKT_
                0x0000000008004010       0x50 bn_display_manager.o
                0x0000000008004010                void _bn::assert::show_args<char [66]>(char const*, char const*, char const*, int, char const (&) [66])
 .text.startup._GLOBAL__sub_I__ZNK2bn6window7show_bgERKNS_14regular_bg_ptrE
                0x0000000008004060       0x7c bn_display_manager.o
 .text.exit._GLOBAL__sub_D__ZNK2bn6window7show_bgERKNS_14regular_bg_ptrE
                0x00000000080040dc       0x38 bn_display_manager.o
 .text._ZN2bn18igeneric_pool_baseC2EPci
                0x0000000008004114       0x10 bn_generic_pool.o
                0x0000000008004114                bn::igeneric_pool_base::igeneric_pool_base(char*, int)
                0x0000000008004114                bn::igeneric_pool_base::igeneric_pool_base(char*, int)
 .text._ZN2bn18igeneric_pool_base5_freeEPc
                0x0000000008004124       0x10 bn_generic_pool.o
                0x0000000008004124                bn::igeneric_pool_base::_free(char*)
 .text._ZN3_bn6assert9show_argsIA18_cEEvPKcS4_S4_iRKT_
                0x0000000008004134       0x50 bn_generic_pool.o
                0x0000000008004134                void _bn::assert::show_args<char [18]>(char const*, char const*, char const*, int, char const (&) [18])
 .text._ZN2bn18igeneric_pool_baseD2Ev
                0x0000000008004184       0x30 bn_generic_pool.o
                0x0000000008004184                bn::igeneric_pool_base::~igeneric_pool_base()
                0x0000000008004184                bn::igeneric_pool_base::~igeneric_pool_base()
 .text._ZN2bn18igeneric_pool_base9_allocateEv
                0x00000000080041b4       0x48 bn_generic_pool.o
                0x00000000080041b4                bn::igeneric_pool_base::_allocate()
 .text._ZN2bn12gpio_manager6commitEv
                0x00000000080041fc       0x48 bn_gpio_manager.o
                0x00000000080041fc                bn::gpio_manager::commit()
 .text._ZN2bn12gpio_manager4stopEv
                0x0000000008004244       0x3c bn_gpio_manager.o
                0x0000000008004244                bn::gpio_manager::stop()
 .text._ZN2bn22hblank_effects_manager12_GLOBAL__N_19item_type18_output_values_ptrEv
                0x0000000008004280       0x40 bn_hblank_effects_manager.o
 .text._ZN2bn7type_idINS_4pairIiiEEEENS_9type_id_tEv
                0x00000000080042c0        0x8 bn_hblank_effects_manager.o
                0x00000000080042c0                bn::type_id_t bn::type_id<bn::pair<int, int> >()
 .text._ZN2bn7type_idINS_33regular_bg_attributes_hbe_handler15last_value_typeEEENS_9type_id_tEv
                0x00000000080042c8        0x8 bn_hblank_effects_manager.o
                0x00000000080042c8                bn::type_id_t bn::type_id<bn::regular_bg_attributes_hbe_handler::last_value_type>()
 .text._ZN2bn7type_idINS_32affine_bg_attributes_hbe_handler15last_value_typeEEENS_9type_id_tEv
                0x00000000080042d0        0x8 bn_hblank_effects_manager.o
                0x00000000080042d0                bn::type_id_t bn::type_id<bn::affine_bg_attributes_hbe_handler::last_value_type>()
 .text._ZN2bn7type_idIiEENS_9type_id_tEv
                0x00000000080042d8        0x8 bn_hblank_effects_manager.o
                0x00000000080042d8                bn::type_id_t bn::type_id<int>()
 .text._ZN2bn7type_idINS_47affine_bg_pivot_horizontal_position_hbe_handler15last_value_typeEEENS_9type_id_tEv
                0x00000000080042e0        0x8 bn_hblank_effects_manager.o
                0x00000000080042e0                bn::type_id_t bn::type_id<bn::affine_bg_pivot_horizontal_position_hbe_handler::last_value_type>()
 .text._ZN2bn7type_idINS_45affine_bg_pivot_vertical_position_hbe_handler15last_value_typeEEENS_9type_id_tEv
                0x00000000080042e8        0x8 bn_hblank_effects_manager.o
                0x00000000080042e8                bn::type_id_t bn::type_id<bn::affine_bg_pivot_vertical_position_hbe_handler::last_value_type>()
 .text._ZN2bn7type_idINS_35sprite_first_attributes_hbe_handler15last_value_typeEEENS_9type_id_tEv
                0x00000000080042f0        0x8 bn_hblank_effects_manager.o
                0x00000000080042f0                bn::type_id_t bn::type_id<bn::sprite_first_attributes_hbe_handler::last_value_type>()
 .text._ZN2bn7type_idINS_35sprite_second_attributes_last_valueEEENS_9type_id_tEv
                0x00000000080042f8        0x8 bn_hblank_effects_manager.o
                0x00000000080042f8                bn::type_id_t bn::type_id<bn::sprite_second_attributes_last_value>()
 .text._ZN2bn7type_idINS_17sprite_shape_sizeEEENS_9type_id_tEv
                0x0000000008004300        0x8 bn_hblank_effects_manager.o
                0x0000000008004300                bn::type_id_t bn::type_id<bn::sprite_shape_size>()
 .text._ZN2bn22hblank_effects_manager7disableEv
                0x0000000008004308       0x24 bn_hblank_effects_manager.o
                0x0000000008004308                bn::hblank_effects_manager::disable()
 .text._ZN2bn22hblank_effects_manager6commitEv
                0x000000000800432c       0x74 bn_hblank_effects_manager.o
                0x000000000800432c                bn::hblank_effects_manager::commit()
 .text._ZN2bn22hblank_effects_manager12_GLOBAL__N_110_is_uint32ENS0_12handler_typeE
                0x00000000080043a0       0x64 bn_hblank_effects_manager.o
 .text._ZN2bn22hblank_effects_manager12_GLOBAL__N_19item_type12check_updateEv
                0x0000000008004404     0x1b38 bn_hblank_effects_manager.o
 .text._ZN2bn22hblank_effects_manager6updateEv
                0x0000000008005f3c      0x1ec bn_hblank_effects_manager.o
                0x0000000008005f3c                bn::hblank_effects_manager::update()
 .text._ZN2bn22hblank_effects_manager4initEv
                0x0000000008006128       0xd4 bn_hblank_effects_manager.o
                0x0000000008006128                bn::hblank_effects_manager::init()
 .text.startup._GLOBAL__sub_I__ZN2bn4hbes10used_countEv
                0x00000000080061fc       0xfc bn_hblank_effects_manager.o
 .text.exit._GLOBAL__sub_D__ZN2bn4hbes10used_countEv
                0x00000000080062f8       0x40 bn_hblank_effects_manager.o
 .text._ZN2bn12hdma_manager7disableEv
                0x0000000008006338       0x30 bn_hdma_manager.o
                0x0000000008006338                bn::hdma_manager::disable()
 .text._ZN2bn12hdma_manager10force_stopEv
                0x0000000008006368       0x3c bn_hdma_manager.o
                0x0000000008006368                bn::hdma_manager::force_stop()
 .text._ZN2bn12hdma_manager6updateEv
                0x00000000080063a4       0x6c bn_hdma_manager.o
                0x00000000080063a4                bn::hdma_manager::update()
 .text._ZN2bn12hdma_manager6commitEb
                0x0000000008006410      0x118 bn_hdma_manager.o
                0x0000000008006410                bn::hdma_manager::commit(bool)
 .text.startup._GLOBAL__sub_I__ZN2bn4hdma7runningEv
                0x0000000008006528       0x34 bn_hdma_manager.o
 .text._ZN2bn14keypad_manager4stopEv
                0x000000000800655c        0x4 bn_keypad_manager.o
                0x000000000800655c                bn::keypad_manager::stop()
 .text._ZN3_bn6assert9show_argsIJA19_ciA4_ciEEEvPKcS5_S5_iDpRKT_
                0x0000000008006560       0x6c bn_keypad_manager.o
                0x0000000008006560                void _bn::assert::show_args<char [19], int, char [4], int>(char const*, char const*, char const*, int, char const (&) [19], int const&, char const (&) [4], int const&)
 .text._ZN2bn14keypad_manager6updateEv
                0x00000000080065cc       0xa8 bn_keypad_manager.o
                0x00000000080065cc                bn::keypad_manager::update()
 .text._ZN3_bn6assert9show_argsIA24_ciEEvPKcS4_S4_iRKT_RKT0_
                0x0000000008006674       0x58 bn_keypad_manager.o
                0x0000000008006674                void _bn::assert::show_args<char [24], int>(char const*, char const*, char const*, int, char const (&) [24], int const&)
 .text._ZN2bn14keypad_manager4initERKNS_11string_viewE
                0x00000000080066cc       0x58 bn_keypad_manager.o
                0x00000000080066cc                bn::keypad_manager::init(bn::string_view const&)
 .text._ZN3_bn6assert9show_argsIA16_cEEvPKcS4_S4_iRKT_
                0x0000000008006724       0x50 bn_keypad_manager.o
                0x0000000008006724                void _bn::assert::show_args<char [16]>(char const*, char const*, char const*, int, char const (&) [16])
 .text._ZN2bn12link_manager4initEv
                0x0000000008006774        0xc bn_link_manager.o
                0x0000000008006774                bn::link_manager::init()
 .text._ZN2bn12link_manager6activeEv
                0x0000000008006780        0xc bn_link_manager.o
                0x0000000008006780                bn::link_manager::active()
 .text._ZN2bn12link_manager7disableEv
                0x000000000800678c       0x18 bn_link_manager.o
                0x000000000800678c                bn::link_manager::disable()
 .text._ZN2bn14memory_manager4initEv
                0x00000000080067a4       0x20 bn_memory_manager.o
                0x00000000080067a4                bn::memory_manager::init()
 .text.exit._GLOBAL__sub_D__Znwj
                0x00000000080067c4       0x14 bn_memory_manager.o
 .text._ZN2bn2hw8palettes9grayscaleEPKNS_5colorEiiPS2_.part.0
                0x00000000080067d8       0x40 bn_palettes_manager.o
 .text._ZN2bn14bg_palette_ptrC2ERKS0_
                0x0000000008006818       0x2c bn_palettes_manager.o
                0x0000000008006818                bn::bg_palette_ptr::bg_palette_ptr(bn::bg_palette_ptr const&)
                0x0000000008006818                bn::bg_palette_ptr::bg_palette_ptr(bn::bg_palette_ptr const&)
 .text._ZNK2bn14bg_palette_ptr3bppEv
                0x0000000008006844       0x20 bn_palettes_manager.o
                0x0000000008006844                bn::bg_palette_ptr::bpp() const
 .text._ZNK2bn18sprite_palette_ptr3bppEv
                0x0000000008006864       0x1c bn_palettes_manager.o
                0x0000000008006864                bn::sprite_palette_ptr::bpp() const
 .text._ZNK2bn13palettes_bank20retrieve_commit_dataEv
                0x0000000008006880       0x4c bn_palettes_manager.o
                0x0000000008006880                bn::palettes_bank::retrieve_commit_data() const
 .text._ZNK2bn13palettes_bank21_apply_global_effectsEiPNS_5colorE
                0x00000000080068cc      0x13c bn_palettes_manager.o
                0x00000000080068cc                bn::palettes_bank::_apply_global_effects(int, bn::color*) const
 .text._ZNK2bn13palettes_bank25fill_hblank_effect_colorsEPKNS_5colorEPt
                0x0000000008006a08       0x30 bn_palettes_manager.o
                0x0000000008006a08                bn::palettes_bank::fill_hblank_effect_colors(bn::color const*, unsigned short*) const
 .text._ZNK2bn13palettes_bank7palette13apply_effectsEiPNS_5colorE
                0x0000000008006a38       0xbc bn_palettes_manager.o
                0x0000000008006a38                bn::palettes_bank::palette::apply_effects(int, bn::color*) const
 .text._ZNK2bn13palettes_bank25fill_hblank_effect_colorsEiPKNS_5colorEPt
                0x0000000008006af4       0x44 bn_palettes_manager.o
                0x0000000008006af4                bn::palettes_bank::fill_hblank_effect_colors(int, bn::color const*, unsigned short*) const
 .text._ZN2bn13palettes_bank15_update_paletteEi
                0x0000000008006b38       0x6c bn_palettes_manager.o
                0x0000000008006b38                bn::palettes_bank::_update_palette(int)
 .text._ZN2bn13palettes_bank6updateEv
                0x0000000008006ba4      0x124 bn_palettes_manager.o
                0x0000000008006ba4                bn::palettes_bank::update()
 .text._ZN2bn13palettes_bankC2Ev
                0x0000000008006cc8       0xcc bn_palettes_manager.o
                0x0000000008006cc8                bn::palettes_bank::palettes_bank()
                0x0000000008006cc8                bn::palettes_bank::palettes_bank()
 .text._ZN2bn16palettes_manager20sprite_palettes_bankEv
                0x0000000008006d94        0x8 bn_palettes_manager.o
                0x0000000008006d94                bn::palettes_manager::sprite_palettes_bank()
 .text._ZN2bn16palettes_manager16bg_palettes_bankEv
                0x0000000008006d9c        0x8 bn_palettes_manager.o
                0x0000000008006d9c                bn::palettes_manager::bg_palettes_bank()
 .text._ZN2bn16palettes_manager6updateEv
                0x0000000008006da4       0x20 bn_palettes_manager.o
                0x0000000008006da4                bn::palettes_manager::update()
 .text._ZN2bn16palettes_manager6commitEb
                0x0000000008006dc4       0xf4 bn_palettes_manager.o
                0x0000000008006dc4                bn::palettes_manager::commit(bool)
 .text._ZN2bn16palettes_manager4stopEv
                0x0000000008006eb8       0x20 bn_palettes_manager.o
                0x0000000008006eb8                bn::palettes_manager::stop()
 .text._ZN2bn14iunordered_mapItsNS_13palettes_bank15identity_hasherENS_8equal_toItEEE5eraseERKNS5_14const_iteratorE.isra.0
                0x0000000008006ed8      0x170 bn_palettes_manager.o
 .text._ZN2bn13palettes_bank15decrease_usagesEi.part.0
                0x0000000008007048       0xdc bn_palettes_manager.o
 .text._ZN2bn14bg_palette_ptrD2Ev
                0x0000000008007124       0x3c bn_palettes_manager.o
                0x0000000008007124                bn::bg_palette_ptr::~bg_palette_ptr()
                0x0000000008007124                bn::bg_palette_ptr::~bg_palette_ptr()
 .text._ZN2bn14bg_palette_ptraSERKS0_
                0x0000000008007160       0x5c bn_palettes_manager.o
                0x0000000008007160                bn::bg_palette_ptr::operator=(bn::bg_palette_ptr const&)
 .text.startup._GLOBAL__sub_I__ZN2bn11bg_palettes17used_colors_countEv
                0x00000000080071bc       0x20 bn_palettes_manager.o
 .text._ZNK2bn21sprite_affine_mat_ptr15horizontal_flipEv
                0x00000000080071dc       0x18 bn_sprite_affine_mats_manager.o
                0x00000000080071dc                bn::sprite_affine_mat_ptr::horizontal_flip() const
 .text._ZNK2bn21sprite_affine_mat_ptr13vertical_flipEv
                0x00000000080071f4       0x18 bn_sprite_affine_mats_manager.o
                0x00000000080071f4                bn::sprite_affine_mat_ptr::vertical_flip() const
 .text._ZN2bn26sprite_affine_mats_manager20retrieve_commit_dataEv
                0x000000000800720c       0x38 bn_sprite_affine_mats_manager.o
                0x000000000800720c                bn::sprite_affine_mats_manager::retrieve_commit_data()
 .text._ZN2bn26sprite_affine_mats_manager15decrease_usagesEi.part.0
                0x0000000008007244       0x68 bn_sprite_affine_mats_manager.o
 .text._ZN2bn21sprite_affine_mat_ptrD2Ev
                0x00000000080072ac       0x34 bn_sprite_affine_mats_manager.o
                0x00000000080072ac                bn::sprite_affine_mat_ptr::~sprite_affine_mat_ptr()
                0x00000000080072ac                bn::sprite_affine_mat_ptr::~sprite_affine_mat_ptr()
 .text._ZN2bn26sprite_affine_mats_manager6updateEv
                0x00000000080072e0       0xa0 bn_sprite_affine_mats_manager.o
                0x00000000080072e0                bn::sprite_affine_mats_manager::update()
 .text._ZN2bn26sprite_affine_mats_manager4initEPv
                0x0000000008007380       0x6c bn_sprite_affine_mats_manager.o
                0x0000000008007380                bn::sprite_affine_mats_manager::init(void*)
 .text._ZN2bn26sprite_affine_mats_manager14dettach_spriteEiRNS_24intrusive_list_node_typeE
                0x00000000080073ec       0x4c bn_sprite_affine_mats_manager.o
                0x00000000080073ec                bn::sprite_affine_mats_manager::dettach_sprite(int, bn::intrusive_list_node_type&)
 .text.startup._GLOBAL__sub_I__ZN2bn18sprite_affine_mats10used_countEv
                0x0000000008007438       0x98 bn_sprite_affine_mats_manager.o
 .text.exit._GLOBAL__sub_D__ZN2bn18sprite_affine_mats10used_countEv
                0x00000000080074d0       0x3c bn_sprite_affine_mats_manager.o
 .text._ZNK2bn16sprite_tiles_ptr2idEv
                0x000000000800750c       0x18 bn_sprite_tiles_manager.o
                0x000000000800750c                bn::sprite_tiles_ptr::id() const
 .text._ZNK2bn16sprite_tiles_ptr11tiles_countEv
                0x0000000008007524       0x18 bn_sprite_tiles_manager.o
                0x0000000008007524                bn::sprite_tiles_ptr::tiles_count() const
 .text._ZN2bn20sprite_tiles_manager19commit_uncompressedEb
                0x000000000800753c       0xdc bn_sprite_tiles_manager.o
                0x000000000800753c                bn::sprite_tiles_manager::commit_uncompressed(bool)
 .text._ZN2bn20sprite_tiles_manager17commit_compressedEv
                0x0000000008007618       0xe4 bn_sprite_tiles_manager.o
                0x0000000008007618                bn::sprite_tiles_manager::commit_compressed()
 .text._ZN2bn20sprite_tiles_manager4initEv
                0x00000000080076fc       0xf4 bn_sprite_tiles_manager.o
                0x00000000080076fc                bn::sprite_tiles_manager::init()
 .text._ZN2bn20sprite_tiles_manager12_GLOBAL__N_117_insert_free_itemEiPt
                0x00000000080077f0       0xcc bn_sprite_tiles_manager.o
 .text._ZN2bn20sprite_tiles_manager12_GLOBAL__N_116_erase_free_itemEi
                0x00000000080078bc       0xe4 bn_sprite_tiles_manager.o
 .text._ZN2bn14iunordered_mapIPKNS_4tileEiNS_4hashIS3_EENS_8equal_toIS3_EEE5eraseERKNS8_14const_iteratorE.isra.0
                0x00000000080079a0      0x178 bn_sprite_tiles_manager.o
 .text._ZN2bn20sprite_tiles_manager6updateEv
                0x0000000008007b18      0x234 bn_sprite_tiles_manager.o
                0x0000000008007b18                bn::sprite_tiles_manager::update()
 .text.startup._GLOBAL__sub_I__ZN2bn12sprite_tiles16used_tiles_countEv
                0x0000000008007d4c      0x11c bn_sprite_tiles_manager.o
 .text._ZN2bn15sprites_manager12_GLOBAL__N_125_update_indexes_to_commitERKNS_20sprites_manager_itemE
                0x0000000008007e68       0x48 bn_sprites_manager.o
 .text._ZN2bn13ostringstream11append_argsIiJA4_ciEEEvRKT_DpRKT0_.isra.0
                0x0000000008007eb0       0x24 bn_sprites_manager.o
 .text._ZN2bn15sprites_manager12_GLOBAL__N_123_update_item_dimensionsERNS_20sprites_manager_itemE
                0x0000000008007ed4       0xcc bn_sprites_manager.o
 .text._ZN2bn15sprites_manager4initEv
                0x0000000008007fa0       0x34 bn_sprites_manager.o
                0x0000000008007fa0                bn::sprites_manager::init()
 .text._ZN2bn15sprites_manager5hw_idEPv
                0x0000000008007fd4        0x8 bn_sprites_manager.o
                0x0000000008007fd4                bn::sprites_manager::hw_id(void*)
 .text._ZN2bn15sprites_manager5shapeEPv
                0x0000000008007fdc        0x8 bn_sprites_manager.o
                0x0000000008007fdc                bn::sprites_manager::shape(void*)
 .text._ZN2bn15sprites_manager4sizeEPv
                0x0000000008007fe4        0x8 bn_sprites_manager.o
                0x0000000008007fe4                bn::sprites_manager::size(void*)
 .text._ZN2bn15sprites_manager10shape_sizeEPv
                0x0000000008007fec       0x14 bn_sprites_manager.o
                0x0000000008007fec                bn::sprites_manager::shape_size(void*)
 .text._ZN2bn15sprites_manager11hw_positionEPv
                0x0000000008008000        0x4 bn_sprites_manager.o
                0x0000000008008000                bn::sprites_manager::hw_position(void*)
 .text._ZN2bn15sprites_manager9view_modeEPv
                0x0000000008008004        0xc bn_sprites_manager.o
                0x0000000008008004                bn::sprites_manager::view_mode(void*)
 .text._ZN2bn15sprites_manager10affine_matEPv
                0x0000000008008010        0x4 bn_sprites_manager.o
                0x0000000008008010                bn::sprites_manager::affine_mat(void*)
 .text._ZN2bn15sprites_manager39fill_hblank_effect_horizontal_positionsEPviPKNS_7fixed_tILi12EEEPt
                0x0000000008008014       0x44 bn_sprites_manager.o
                0x0000000008008014                bn::sprites_manager::fill_hblank_effect_horizontal_positions(void*, int, bn::fixed_t<12> const*, unsigned short*)
 .text._ZN2bn15sprites_manager37fill_hblank_effect_vertical_positionsEPviPKNS_7fixed_tILi12EEEPt
                0x0000000008008058       0x44 bn_sprites_manager.o
                0x0000000008008058                bn::sprites_manager::fill_hblank_effect_vertical_positions(void*, int, bn::fixed_t<12> const*, unsigned short*)
 .text._ZN2bn15sprites_manager35fill_hblank_effect_first_attributesEiNS_12sprite_shapeENS_8bpp_modeEiPKNS_23sprite_first_attributesEPt
                0x000000000800809c      0x108 bn_sprites_manager.o
                0x000000000800809c                bn::sprites_manager::fill_hblank_effect_first_attributes(int, bn::sprite_shape, bn::bpp_mode, int, bn::sprite_first_attributes const*, unsigned short*)
 .text._ZN2bn15sprites_manager44fill_hblank_effect_regular_second_attributesEPviNS_11sprite_sizeEPKNS_32sprite_regular_second_attributesEPt
                0x00000000080081a4       0x60 bn_sprites_manager.o
                0x00000000080081a4                bn::sprites_manager::fill_hblank_effect_regular_second_attributes(void*, int, bn::sprite_size, bn::sprite_regular_second_attributes const*, unsigned short*)
 .text._ZN2bn15sprites_manager43fill_hblank_effect_affine_second_attributesEPviNS_11sprite_sizeEPKNS_31sprite_affine_second_attributesEPt
                0x0000000008008204       0x58 bn_sprites_manager.o
                0x0000000008008204                bn::sprites_manager::fill_hblank_effect_affine_second_attributes(void*, int, bn::sprite_size, bn::sprite_affine_second_attributes const*, unsigned short*)
 .text._ZN2bn15sprites_manager14update_camerasEv
                0x000000000800825c       0x2c bn_sprites_manager.o
                0x000000000800825c                bn::sprites_manager::update_cameras()
 .text._ZN2bn15sprites_manager6commitEb
                0x0000000008008288       0xa4 bn_sprites_manager.o
                0x0000000008008288                bn::sprites_manager::commit(bool)
 .text._ZNK2bn17sprite_shape_size11tiles_countENS_8bpp_modeE
                0x000000000800832c      0x150 bn_sprites_manager.o
                0x000000000800832c                bn::sprite_shape_size::tiles_count(bn::bpp_mode) const
 .text._ZN2bn15sprites_manager12_GLOBAL__N_118_remove_affine_matERNS_20sprites_manager_itemE
                0x000000000800847c       0xd4 bn_sprites_manager.o
 .text._ZN2bn15sprites_manager40remove_identity_affine_mat_if_not_neededEPv
                0x0000000008008550       0x18 bn_sprites_manager.o
                0x0000000008008550                bn::sprites_manager::remove_identity_affine_mat_if_not_needed(void*)
 .text._ZN2bn15sprites_manager7paletteEPv
                0x0000000008008568       0x34 bn_sprites_manager.o
                0x0000000008008568                bn::sprites_manager::palette(void*)
 .text._ZN2bn15sprites_manager6updateEv
                0x000000000800859c      0x17c bn_sprites_manager.o
                0x000000000800859c                bn::sprites_manager::update()
 .text._ZN3_bn6assert9show_argsIJA27_ciA4_ciEEEvPKcS5_S5_iDpRKT_
                0x0000000008008718       0x5c bn_sprites_manager.o
                0x0000000008008718                void _bn::assert::show_args<char [27], int, char [4], int>(char const*, char const*, char const*, int, char const (&) [27], int const&, char const (&) [4], int const&)
 .text._ZN2bn15sprites_manager35fill_hblank_effect_third_attributesENS_17sprite_shape_sizeEPKNS_23sprite_third_attributesEPt
                0x0000000008008774       0xb4 bn_sprites_manager.o
                0x0000000008008774                bn::sprites_manager::fill_hblank_effect_third_attributes(bn::sprite_shape_size, bn::sprite_third_attributes const*, unsigned short*)
 .text.startup._GLOBAL__sub_I__ZN2bn7sprites16used_items_countEv
                0x0000000008008828       0x9c bn_sprites_manager.o
 .text.exit._GLOBAL__sub_D__ZN2bn7sprites16used_items_countEv
                0x00000000080088c4       0x4c bn_sprites_manager.o
 .text._ZN2bn13ostringstreamC2ERNS_12istring_baseE
                0x0000000008008910        0x8 bn_sstream.o
                0x0000000008008910                bn::ostringstream::ostringstream(bn::istring_base&)
                0x0000000008008910                bn::ostringstream::ostringstream(bn::istring_base&)
 .text._ZN2bn13ostringstream6appendEPKc
                0x0000000008008918       0x88 bn_sstream.o
                0x0000000008008918                bn::ostringstream::append(char const*)
 .text._ZN2bn13ostringstream6appendEi
                0x00000000080089a0       0x9c bn_sstream.o
                0x00000000080089a0                bn::ostringstream::append(int)
 .text._ZN2bn5timerC2Ev
                0x0000000008008a3c       0x18 bn_timer.o
                0x0000000008008a3c                bn::timer::timer()
                0x0000000008008a3c                bn::timer::timer()
 .text._ZNK2bn5timer13elapsed_ticksEv
                0x0000000008008a54       0x38 bn_timer.o
                0x0000000008008a54                bn::timer::elapsed_ticks() const
 .text._ZN2bn5timer7restartEv
                0x0000000008008a8c       0x18 bn_timer.o
                0x0000000008008a8c                bn::timer::restart()
 .text._ZN2bn2hw5audio12_GLOBAL__N_124_disabled_vblank_handlerEv
                0x0000000008008aa4       0x10 bn_hw_audio.bn_noflto.o
 .text._ZN2bn2hw5audio12_GLOBAL__N_17_commitEv
                0x0000000008008ab4       0x7c bn_hw_audio.bn_noflto.o
 .text._ZN2bn2hw5audio12_GLOBAL__N_123_enabled_vblank_handlerEv
                0x0000000008008b30       0x24 bn_hw_audio.bn_noflto.o
 .text._ZN2bn2hw5audio4initEv
                0x0000000008008b54       0x68 bn_hw_audio.bn_noflto.o
                0x0000000008008b54                bn::hw::audio::init()
 .text._ZN2bn2hw5audio7disableEv
                0x0000000008008bbc       0x30 bn_hw_audio.bn_noflto.o
                0x0000000008008bbc                bn::hw::audio::disable()
 .text._ZN2bn2hw5audio13music_playingEv
                0x0000000008008bec       0x10 bn_hw_audio.bn_noflto.o
                0x0000000008008bec                bn::hw::audio::music_playing()
 .text._ZN2bn2hw5audio10play_musicEib
                0x0000000008008bfc       0x24 bn_hw_audio.bn_noflto.o
                0x0000000008008bfc                bn::hw::audio::play_music(int, bool)
 .text._ZN2bn2hw5audio10stop_musicEv
                0x0000000008008c20        0xc bn_hw_audio.bn_noflto.o
                0x0000000008008c20                bn::hw::audio::stop_music()
 .text._ZN2bn2hw5audio11pause_musicEv
                0x0000000008008c2c        0xc bn_hw_audio.bn_noflto.o
                0x0000000008008c2c                bn::hw::audio::pause_music()
 .text._ZN2bn2hw5audio12resume_musicEv
                0x0000000008008c38        0xc bn_hw_audio.bn_noflto.o
                0x0000000008008c38                bn::hw::audio::resume_music()
 .text._ZN2bn2hw5audio14music_positionEv
                0x0000000008008c44        0xc bn_hw_audio.bn_noflto.o
                0x0000000008008c44                bn::hw::audio::music_position()
 .text._ZN2bn2hw5audio18set_music_positionEi
                0x0000000008008c50        0xc bn_hw_audio.bn_noflto.o
                0x0000000008008c50                bn::hw::audio::set_music_position(int)
 .text._ZN2bn2hw5audio16set_music_volumeEi
                0x0000000008008c5c        0xc bn_hw_audio.bn_noflto.o
                0x0000000008008c5c                bn::hw::audio::set_music_volume(int)
 .text._ZN2bn2hw5audio15set_music_tempoEi
                0x0000000008008c68        0xc bn_hw_audio.bn_noflto.o
                0x0000000008008c68                bn::hw::audio::set_music_tempo(int)
 .text._ZN2bn2hw5audio15set_music_pitchEi
                0x0000000008008c74        0xc bn_hw_audio.bn_noflto.o
                0x0000000008008c74                bn::hw::audio::set_music_pitch(int)
 .text._ZN2bn2hw5audio22disable_vblank_handlerEv
                0x0000000008008c80       0x14 bn_hw_audio.bn_noflto.o
                0x0000000008008c80                bn::hw::audio::disable_vblank_handler()
 .text._ZN2bn2hw5audio6updateEb
                0x0000000008008c94       0x18 bn_hw_audio.bn_noflto.o
                0x0000000008008c94                bn::hw::audio::update(bool)
 .text._ZN2bn2hw5audio6commitEv
                0x0000000008008cac       0x20 bn_hw_audio.bn_noflto.o
                0x0000000008008cac                bn::hw::audio::commit()
 .text._ZN2bn2hw5audio12_GLOBAL__N_119_add_sound_to_queueEit
                0x0000000008008ccc       0xa0 bn_hw_audio.bn_noflto.o
 .text._ZN2bn2hw5audio15stop_all_soundsEv
                0x0000000008008d6c       0x6c bn_hw_audio.bn_noflto.o
                0x0000000008008d6c                bn::hw::audio::stop_all_sounds()
 .text._ZN2bn2hw5audio12_GLOBAL__N_119_check_sounds_queueEv.part.0
                0x0000000008008dd8       0x98 bn_hw_audio.bn_noflto.o
 .text._ZN2bn2hw5audio10play_soundEiiiii
                0x0000000008008e70       0x44 bn_hw_audio.bn_noflto.o
                0x0000000008008e70                bn::hw::audio::play_sound(int, int, int, int, int)
 .text._ZN2bn2hw5audio10play_soundEii
                0x0000000008008eb4       0x30 bn_hw_audio.bn_noflto.o
                0x0000000008008eb4                bn::hw::audio::play_sound(int, int)
 .text._ZN2bn2hw5audio19update_sounds_queueEv
                0x0000000008008ee4       0x90 bn_hw_audio.bn_noflto.o
                0x0000000008008ee4                bn::hw::audio::update_sounds_queue()
 .text.startup._GLOBAL__sub_I__ZN2bn2hw5audio4initEv
                0x0000000008008f74       0x30 bn_hw_audio.bn_noflto.o
 .text.exit._GLOBAL__sub_D__ZN2bn2hw5audio4initEv
                0x0000000008008fa4       0x74 bn_hw_audio.bn_noflto.o
 .text._ZN3_bn6assert9show_argsIA40_cEEvPKcS4_S4_iRKT_
                0x0000000008009018       0x50 bn_hw_common.bn_noflto.o
                0x0000000008009018                void _bn::assert::show_args<char [40]>(char const*, char const*, char const*, int, char const (&) [40])
 .text.__aeabi_idiv0
                0x0000000008009068       0x24 bn_hw_common.bn_noflto.o
                0x0000000008009068                __aeabi_idiv0
 .text._ZN2bn2hw8game_pak14_slow_game_pakEv
                0x000000000800908c       0x88 bn_hw_game_pak.bn_ewram.o
                0x000000000800908c                bn::hw::game_pak::_slow_game_pak()
 .text._ZN2bn2hw8game_pak4initEv
                0x0000000008009114       0x28 bn_hw_game_pak.o
                0x0000000008009114                bn::hw::game_pak::init()
 .text._ZN2bn2hw3irq4initEv
                0x000000000800913c        0xc bn_hw_irq.o
                0x000000000800913c                bn::hw::irq::init()
 .text._ZN2bn2hw3irq7set_isrENS1_2idEPFvvE
                0x0000000008009148       0x10 bn_hw_irq.o
                0x0000000008009148                bn::hw::irq::set_isr(bn::hw::irq::id, void (*)())
 .text._ZN2bn2hw3irq6enableENS1_2idE
                0x0000000008009158       0x10 bn_hw_irq.o
                0x0000000008009158                bn::hw::irq::enable(bn::hw::irq::id)
 .text._ZN2bn2hw3irq7disableENS1_2idE
                0x0000000008009168       0x10 bn_hw_irq.o
                0x0000000008009168                bn::hw::irq::disable(bn::hw::irq::id)
 .text._ZN2bn2hw4link12_GLOBAL__N_119_resetStateCallbackEv
                0x0000000008009178       0x4c bn_hw_link.o
 .text._ZN2bn2hw4link4initEv
                0x00000000080091c4       0xc0 bn_hw_link.o
                0x00000000080091c4                bn::hw::link::init()
 .text._ZN2bn2hw4link6activeEv
                0x0000000008009284       0x10 bn_hw_link.o
                0x0000000008009284                bn::hw::link::active()
 .text._ZN2bn2hw4link7disableEv
                0x0000000008009294       0x6c bn_hw_link.o
                0x0000000008009294                bn::hw::link::disable()
 .text._ZN2bn2hw4link6commitEv
                0x0000000008009300       0x30 bn_hw_link.o
                0x0000000008009300                bn::hw::link::commit()
 .text._ZN2bn2hw4link11_timer_intrEv
                0x0000000008009330       0xf8 bn_hw_link.o
                0x0000000008009330                bn::hw::link::_timer_intr()
 .text._ZN2bn2hw4link12_serial_intrEv
                0x0000000008009428      0x1bc bn_hw_link.o
                0x0000000008009428                bn::hw::link::_serial_intr()
 .text._ZN2bn2hw4link12_GLOBAL__N_117_sendDataCallbackEv
                0x00000000080095e4       0xe0 bn_hw_link.o
 .text._ZN2bn2hw4link12_GLOBAL__N_124_receiveResponseCallbackERK12LinkResponse
                0x00000000080096c4      0x158 bn_hw_link.o
 .text.startup._GLOBAL__sub_I__ZN2bn2hw4link4initEv
                0x000000000800981c       0x68 bn_hw_link.o
 .text._ZN2bn2hw6memory4initEv
                0x0000000008009884        0x4 bn_hw_memory.o
                0x0000000008009884                bn::hw::memory::init()
 .text._ZN2bn2hw6memory16ewram_heap_startEv
                0x0000000008009888        0x8 bn_hw_memory.o
                0x0000000008009888                bn::hw::memory::ewram_heap_start()
 .text._ZN2bn2hw6memory14ewram_heap_endEv
                0x0000000008009890        0x8 bn_hw_memory.o
                0x0000000008009890                bn::hw::memory::ewram_heap_end()
 .text._ZN2bn2hw8palettes12_GLOBAL__N_110lut_effectEPKNS_5colorEPKhiPS3_
                0x0000000008009898       0x40 bn_hw_palettes.o
 .text._ZN2bn2hw8palettes10brightnessEPKNS_5colorEiiPS2_
                0x00000000080098d8       0x54 bn_hw_palettes.o
                0x00000000080098d8                bn::hw::palettes::brightness(bn::color const*, int, int, bn::color*)
 .text._ZN2bn2hw8palettes8contrastEPKNS_5colorEiiPS2_
                0x000000000800992c       0x18 bn_hw_palettes.o
                0x000000000800992c                bn::hw::palettes::contrast(bn::color const*, int, int, bn::color*)
 .text._ZN2bn2hw8palettes9intensityEPKNS_5colorEiiPS2_
                0x0000000008009944       0x18 bn_hw_palettes.o
                0x0000000008009944                bn::hw::palettes::intensity(bn::color const*, int, int, bn::color*)
 .text._ZN2bn2hw8palettes9hue_shiftEPKNS_5colorEiiPS2_
                0x000000000800995c      0x154 bn_hw_palettes.o
                0x000000000800995c                bn::hw::palettes::hue_shift(bn::color const*, int, int, bn::color*)
 .text._ZN2bn2hw8palettes6rotateEPKNS_5colorEiiPS2_
                0x0000000008009ab0       0x2c bn_hw_palettes.o
                0x0000000008009ab0                bn::hw::palettes::rotate(bn::color const*, int, int, bn::color*)
 .text._ZN2bn2hw4show5errorERKNS_11system_fontERKNS_11string_viewES7_S7_iS7_S7_
                0x0000000008009adc      0x318 bn_hw_show.o
                0x0000000008009adc                bn::hw::show::error(bn::system_font const&, bn::string_view const&, bn::string_view const&, bn::string_view const&, int, bn::string_view const&, bn::string_view const&)
 .text._ZN2bn2hw4sram4initEv
                0x0000000008009df4       0x18 bn_hw_sram.o
                0x0000000008009df4                bn::hw::sram::init()
 .text._ZN2bn11system_fontC2Ev
                0x0000000008009e0c       0x18 bn_hw_system_font.o
                0x0000000008009e0c                bn::system_font::system_font()
                0x0000000008009e0c                bn::system_font::system_font()
 .text._ZNK2bn11system_font8tte_fontEv
                0x0000000008009e24        0x4 bn_hw_system_font.o
                0x0000000008009e24                bn::system_font::tte_font() const
 .text._ZN2bn2hw4text5parseEiRNS_5arrayIcLi32EEE
                0x0000000008009e28       0xbc bn_hw_text.o
                0x0000000008009e28                bn::hw::text::parse(int, bn::array<char, 32>&)
 .text.clr_grayscale
                0x0000000008009ee4       0x78 tonc_color.o
                0x0000000008009ee4                clr_grayscale
 .text.sbmp16_rect
                0x0000000008009f5c       0x64 tonc_sbmp16.o
                0x0000000008009f5c                sbmp16_rect
 .text.bmp16_drawg_b1cts
                0x0000000008009fc0       0xb0 bmp16_drawg_b1cs.o
                0x0000000008009fc0                bmp16_drawg_b1cts
 .text.bmp16_erase
                0x000000000800a070       0x24 tte_init_bmp.o
                0x000000000800a070                bmp16_erase
 .text.tte_init_bmp
                0x000000000800a094       0x60 tte_init_bmp.o
                0x000000000800a094                tte_init_bmp
 .text.dummy_drawg
                0x000000000800a0f4        0x4 tte_main.o
                0x000000000800a0f4                dummy_drawg
 .text.dummy_erase
                0x000000000800a0f8        0x4 tte_main.o
                0x000000000800a0f8                dummy_erase
 .text.tte_init_base
                0x000000000800a0fc       0x68 tte_main.o
                0x000000000800a0fc                tte_init_base
 .text.utf8_decode_char
                0x000000000800a164       0xb4 tte_main.o
                0x000000000800a164                utf8_decode_char
 .text.tte_write
                0x000000000800a218       0xe8 tte_main.o
                0x000000000800a218                tte_write
 .text.tte_get_text_size
                0x000000000800a300       0xa4 tte_main.o
                0x000000000800a300                tte_get_text_size
 .text.tte_set_margins
                0x000000000800a3a4       0x18 tte_main.o
                0x000000000800a3a4                tte_set_margins
 .text.IRQ_Init
                0x000000000800a3bc       0x48 interrupts_gba.o
                0x000000000800a3bc                IRQ_Init
 .text.IRQ_SetHandler
                0x000000000800a404       0x10 interrupts_gba.o
                0x000000000800a404                IRQ_SetHandler
 .text.IRQ_Enable
                0x000000000800a414       0x64 interrupts_gba.o
                0x000000000800a414                IRQ_Enable
 .text.IRQ_Disable
                0x000000000800a478       0x60 interrupts_gba.o
                0x000000000800a478                IRQ_Disable
 .text.channel3_refresh_registers
                0x000000000800a4d8       0xd0 gbt_player.o
 .text.gbt_refresh_pattern_ptr
                0x000000000800a5a8       0x84 gbt_player.o
 .text.gbt_ch1234_nop
                0x000000000800a62c        0x4 gbt_player.o
 .text.gbt_ch1234_speed
                0x000000000800a630       0x10 gbt_player.o
 .text.gbt_ch1234_jump_pattern
                0x000000000800a640       0x14 gbt_player.o
 .text.gbt_ch1234_jump_position
                0x000000000800a654       0x1c gbt_player.o
 .text.gbt_ch1234_event
                0x000000000800a670       0x24 gbt_player.o
 .text.gbt_ch1_pan
                0x000000000800a694       0x10 gbt_player.o
 .text.gbt_ch1_cut_note
                0x000000000800a6a4       0x10 gbt_player.o
 .text.gbt_ch1_arpeggio
                0x000000000800a6b4       0x34 gbt_player.o
 .text.gbt_ch1_vibrato
                0x000000000800a6e8       0x20 gbt_player.o
 .text.gbt_ch1_volslide
                0x000000000800a708       0x10 gbt_player.o
 .text.gbt_ch2_pan
                0x000000000800a718       0x10 gbt_player.o
 .text.gbt_ch2_cut_note
                0x000000000800a728       0x10 gbt_player.o
 .text.gbt_ch2_arpeggio
                0x000000000800a738       0x34 gbt_player.o
 .text.gbt_ch2_vibrato
                0x000000000800a76c       0x20 gbt_player.o
 .text.gbt_ch2_volslide
                0x000000000800a78c       0x10 gbt_player.o
 .text.gbt_ch3_pan
                0x000000000800a79c       0x10 gbt_player.o
 .text.gbt_ch3_cut_note
                0x000000000800a7ac       0x10 gbt_player.o
 .text.gbt_ch3_arpeggio
                0x000000000800a7bc       0x34 gbt_player.o
 .text.gbt_ch3_vibrato
                0x000000000800a7f0       0x20 gbt_player.o
 .text.gbt_ch4_pan
                0x000000000800a810       0x14 gbt_player.o
 .text.gbt_ch4_cut_note
                0x000000000800a824       0x10 gbt_player.o
 .text.gbt_ch4_volslide
                0x000000000800a834       0x10 gbt_player.o
 .text.gbt_update_refresh_panning
                0x000000000800a844       0x50 gbt_player.o
 .text.gbt_run_startup_commands.part.0
                0x000000000800a894       0xd0 gbt_player.o
 .text.gbt_update_effects_internal
                0x000000000800a964      0x2cc gbt_player.o
 .text.gbt_play
                0x000000000800ac30      0x1dc gbt_player.o
                0x000000000800ac30                gbt_play
 .text.gbt_volume
                0x000000000800ae0c       0x68 gbt_player.o
                0x000000000800ae0c                gbt_volume
 .text.gbt_is_playing
                0x000000000800ae74        0xc gbt_player.o
                0x000000000800ae74                gbt_is_playing
 .text.gbt_pause
                0x000000000800ae80       0x48 gbt_player.o
                0x000000000800ae80                gbt_pause
 .text.gbt_loop
                0x000000000800aec8        0xc gbt_player.o
                0x000000000800aec8                gbt_loop
 .text.gbt_stop
                0x000000000800aed4       0x24 gbt_player.o
                0x000000000800aed4                gbt_stop
 .text.gbt_update
                0x000000000800aef8      0x678 gbt_player.o
                0x000000000800aef8                gbt_update
 .text.gbt_get_position
                0x000000000800b570       0x4c gbt_player.o
                0x000000000800b570                gbt_get_position
 .text.gbt_set_position
                0x000000000800b5bc       0xe0 gbt_player.o
                0x000000000800b5bc                gbt_set_position
 .text          0x000000000800b69c       0x8c tonc_bios.o
                0x000000000800b69c                SoftReset
                0x000000000800b6a0                RegisterRamReset
                0x000000000800b6a4                Halt
                0x000000000800b6a8                Stop
                0x000000000800b6ac                IntrWait
                0x000000000800b6b0                VBlankIntrWait
                0x000000000800b6b4                Div
                0x000000000800b6b8                DivArm
                0x000000000800b6bc                Sqrt
                0x000000000800b6c0                ArcTan
                0x000000000800b6c4                ArcTan2
                0x000000000800b6c8                CpuSet
                0x000000000800b6cc                CpuFastSet
                0x000000000800b6d0                BiosCheckSum
                0x000000000800b6d4                BgAffineSet
                0x000000000800b6d8                ObjAffineSet
                0x000000000800b6dc                BitUnPack
                0x000000000800b6e0                LZ77UnCompWram
                0x000000000800b6e4                LZ77UnCompVram
                0x000000000800b6e8                HuffUnComp
                0x000000000800b6ec                RLUnCompWram
                0x000000000800b6f0                RLUnCompVram
                0x000000000800b6f4                Diff8bitUnFilterWram
                0x000000000800b6f8                Diff8bitUnFilterVram
                0x000000000800b6fc                Diff16bitUnFilter
                0x000000000800b700                SoundBias
                0x000000000800b704                SoundDriverInit
                0x000000000800b708                SoundDriverMode
                0x000000000800b70c                SoundDriverMain
                0x000000000800b710                SoundDriverVSync
                0x000000000800b714                SoundChannelClear
                0x000000000800b718                MidiKey2Freq
                0x000000000800b71c                MultiBoot
                0x000000000800b720                SoundDriverVSyncOff
                0x000000000800b724                SoundDriverVSyncOn
 .text          0x000000000800b728       0x3c tonc_memset.o
                0x000000000800b728                memset16
 .text          0x000000000800b764      0x26c posprintf.o
                0x000000000800b768                posprintf
 .text          0x000000000800b9d0     0x1570 D:/Programming/devkitPro/libgba/lib\libmm.a(mm_mas.o)
                0x000000000800ba44                mmStart
                0x000000000800ba64                mmJingle
                0x000000000800ba6a                mmPlayModule
                0x000000000800bb34                mmPause
                0x000000000800bb50                mmResume
                0x000000000800bb60                mmActive
                0x000000000800bb66                mmActiveSub
                0x000000000800bb6c                mmSetModuleVolume
                0x000000000800bb7c                mmSetJingleVolume
                0x000000000800bbb8                mmGetPositionTick
                0x000000000800bbbe                mmGetPositionRow
                0x000000000800bbc4                mmGetPosition
                0x000000000800bbca                mmPosition
                0x000000000800bbe4                mmSetModuleTempo
                0x000000000800bc16                mmSetModulePitch
                0x000000000800bc58                mmStop
                0x000000000800bd1e                mppUpdateSub
                0x000000000800be7a                mpp_Process_VolumeCommand
                0x000000000800c0b2                mpp_Process_Effect
                0x000000000800c800                ST3_FREQTABLE
                0x000000000800cc20                IT_PitchTable
 .text          0x000000000800cf40       0x14 D:/Programming/devkitPro/libgba/lib\libmm.a(mm_main.o)
                0x000000000800cf40                mpp_call_r7
                0x000000000800cf42                mpp_call_r1
                0x000000000800cf44                mpp_call_r2
                0x000000000800cf46                mpp_call_r3
                0x000000000800cf48                mmSetEventHandler
 .text          0x000000000800cf54      0x314 D:/Programming/devkitPro/libgba/lib\libmm.a(mm_effect.o)
                0x000000000800cf54                mmResetEffects
                0x000000000800cf80                mmEffect
                0x000000000800cf96                mmEffectEx
                0x000000000800d096                mmEffectActive
                0x000000000800d0ca                mmEffectVolume
                0x000000000800d0e6                mmEffectPanning
                0x000000000800d0fa                mmEffectRate
                0x000000000800d10e                mmEffectCancel
                0x000000000800d148                mmEffectRelease
                0x000000000800d16e                mmEffectScaleRate
                0x000000000800d182                mmSetEffectsVolume
                0x000000000800d190                mmEffectCancelAll
                0x000000000800d1d0                mmUpdateEffects
 .text          0x000000000800d268      0x1e0 D:/Programming/devkitPro/libgba/lib\libmm.a(mm_mixer_gba.o)
                0x000000000800d268                mmMixerSetSource
                0x000000000800d27c                mmMixerSetRead
                0x000000000800d28a                mmMixerSetFreq
                0x000000000800d29a                mmMixerMulFreq
                0x000000000800d2ae                mmMixerStopChannel
                0x000000000800d2c0                mmMixerChannelActive
                0x000000000800d2d2                mmMixerSetVolume
                0x000000000800d2e0                mmMixerSetPan
                0x000000000800d2ee                mmMixerInit
 .text          0x000000000800d448      0x12c D:/Programming/devkitPro/libgba/lib\libmm.a(mm_main_gba.o)
                0x000000000800d448                mmInit
                0x000000000800d49c                mmSetVBlankHandler
                0x000000000800d4a2                mmFrame
 .text          0x000000000800d574       0x3c d:/programming/devkitpro/devkitarm/bin/../lib/gcc/arm-none-eabi/12.2.0/thumb\libgcc.a(_call_via_rX.o)
                0x000000000800d574                _call_via_r0
                0x000000000800d578                _call_via_r1
                0x000000000800d57c                _call_via_r2
                0x000000000800d580                _call_via_r3
                0x000000000800d584                _call_via_r4
                0x000000000800d588                _call_via_r5
                0x000000000800d58c                _call_via_r6
                0x000000000800d590                _call_via_r7
                0x000000000800d594                _call_via_r8
                0x000000000800d598                _call_via_r9
                0x000000000800d59c                _call_via_sl
                0x000000000800d5a0                _call_via_fp
                0x000000000800d5a4                _call_via_ip
                0x000000000800d5a8                _call_via_sp
                0x000000000800d5ac                _call_via_lr
 .text.__libc_init_array
                0x000000000800d5b0       0x54 d:/programming/devkitpro/devkitarm/bin/../lib/gcc/arm-none-eabi/12.2.0/../../../../arm-none-eabi/lib/thumb\libg.a(lib_a-init.o)
                0x000000000800d5b0                __libc_init_array
 *fill*         0x000000000800d604        0x4 ff
 .text.__libc_init_array.__stub
                0x000000000800d608       0x90 linker stubs
 *(.gnu.linkonce.t.*)
 *(.text.*personality*)
 *(.gnu.warning)
 *(.glue_7t)
 .glue_7t       0x000000000800d6c8        0x0 linker stubs
 *(.glue_7)
 .glue_7        0x000000000800d6c8        0x0 linker stubs
 *(.vfp11_veneer)
 .vfp11_veneer  0x000000000800d6c8        0x0 linker stubs
                0x000000000800d6c8                . = ALIGN (0x4)
                0x000000000800d6c8                __text_end = .

.v4_bx          0x000000000800d6c8        0x0
 .v4_bx         0x000000000800d6c8        0x0 linker stubs

.iplt           0x000000000800d6c8        0x0
 .iplt          0x000000000800d6c8        0x0 d:/programming/devkitpro/devkitarm/bin/../lib/gcc/arm-none-eabi/12.2.0/../../../../arm-none-eabi/lib/thumb/gba_crt0.o

.fini           0x000000000800d6c8        0xc
 *(.fini)
 .fini          0x000000000800d6c8        0x4 d:/programming/devkitpro/devkitarm/bin/../lib/gcc/arm-none-eabi/12.2.0/thumb/crti.o
                0x000000000800d6c8                _fini
 .fini          0x000000000800d6cc        0x8 d:/programming/devkitpro/devkitarm/bin/../lib/gcc/arm-none-eabi/12.2.0/thumb/crtn.o
                0x000000000800d6d4                . = ALIGN (0x4)

.rodata         0x000000000800d6d4     0x30d4
 *(.rodata)
 .rodata        0x000000000800d6d4       0x10 bn_sprite_tiles_manager.o
 .rodata        0x000000000800d6e4       0x90 gbt_player.o
 .rodata        0x000000000800d774      0xef8 verdana9.o
                0x000000000800d774                verdana9Font
                0x000000000800d78c                verdana9Glyphs
                0x000000000800e58c                verdana9Widths
 *all.rodata*(*)
 *(.roda)
 *(.rodata.*)
 .rodata._bn_audio_soundbank_bin
                0x000000000800e66c        0xc _bn_audio_soundbank.bin.o
                0x000000000800e66c                _bn_audio_soundbank_bin
                0x000000000800e678                _bn_audio_soundbank_bin_end
 .rodata._ZN2bn13audio_manager16execute_commandsEv.str1.4
                0x000000000800e678       0x8a bn_audio_manager.o
 *fill*         0x000000000800e702        0x2 ff
 .rodata._ZN2bn13audio_manager16execute_commandsEv
                0x000000000800e704       0x44 bn_audio_manager.o
 .rodata._ZN2bn13audio_manager10play_musicENS_10music_itemENS_7fixed_tILi12EEEb.str1.4
                0x000000000800e748       0x45 bn_audio_manager.o
                                         0x49 (size before relaxing)
 *fill*         0x000000000800e78d        0x3 ff
 .rodata._ZN2bn13audio_manager15stop_all_soundsEv.str1.4
                0x000000000800e790       0x10 bn_audio_manager.o
 .rodata._ZN2bn13audio_manager10stop_musicEv.str1.4
                0x000000000800e7a0       0x25 bn_audio_manager.o
 *fill*         0x000000000800e7c5        0x3 ff
 .rodata._ZN2bn18best_fit_allocatorD2Ev.str1.4
                0x000000000800e7c8       0x47 bn_best_fit_allocator.o
                                         0x4b (size before relaxing)
 *fill*         0x000000000800e80f        0x1 ff
 .rodata._ZN2bn18best_fit_allocator5allocEi.str1.4
                0x000000000800e810       0x24 bn_best_fit_allocator.o
 .rodata._ZN2bn18best_fit_allocator5resetEPvi.str1.4
                0x000000000800e834       0x81 bn_best_fit_allocator.o
 *fill*         0x000000000800e8b5        0x3 ff
 .rodata._ZNK2bn19regular_bg_map_item10decompressERtRKNS_4sizeE.str1.4
                0x000000000800e8b8      0x147 bn_bg_blocks_manager.o
                                        0x14b (size before relaxing)
 *fill*         0x000000000800e9ff        0x1 ff
 .rodata._ZN2bn17bg_blocks_manager16affine_map_tilesEi.str1.4
                0x000000000800ea00       0x32 bn_bg_blocks_manager.o
 *fill*         0x000000000800ea32        0x2 ff
 .rodata._ZN2bn17bg_blocks_manager14palette_offsetEi.str1.4
                0x000000000800ea34        0xb bn_bg_blocks_manager.o
 *fill*         0x000000000800ea3f        0x1 ff
 .rodata._ZN2bn14iunordered_mapIPKviNS_17bg_blocks_manager12_GLOBAL__N_115identity_hasherENS_8equal_toIS2_EEE5eraseERKNS8_14const_iteratorE.constprop.0.isra.0.str1.4
                0x000000000800ea40       0x5e bn_bg_blocks_manager.o
 *fill*         0x000000000800ea9e        0x2 ff
 .rodata._ZN2bn11bgs_manager13set_regular_xEPvNS_7fixed_tILi12EEE.str1.4
                0x000000000800eaa0       0xc0 bn_bgs_manager.o
                                         0xc4 (size before relaxing)
 .rodata._ZN2bn11bgs_manager20set_regular_positionEPvRKNS_11fixed_pointE.str1.4
                0x000000000800eb60       0xae bn_bgs_manager.o
 *fill*         0x000000000800ec0e        0x2 ff
 .rodata._ZN2bn11bgs_manager12_GLOBAL__N_19item_type18update_affine_hw_xEv.str1.4
                0x000000000800ec10       0xc7 bn_bgs_manager.o
 *fill*         0x000000000800ecd7        0x1 ff
 .rodata._ZN2bn11bgs_manager12_GLOBAL__N_19item_type18update_affine_hw_yEv.str1.4
                0x000000000800ecd8       0xc5 bn_bgs_manager.o
 *fill*         0x000000000800ed9d        0x3 ff
 .rodata._ZN2bn11bgs_manager15rebuild_handlesEv.part.0.str1.4
                0x000000000800eda0       0x4f bn_bgs_manager.o
                                         0x53 (size before relaxing)
 .rodata._ZN2bn17affine_bg_builder11release_mapEv.str1.4
                0x000000000800edef       0x32 bn_bgs_manager.o
 *fill*         0x000000000800edef        0x1 ff
 .rodata._ZN2bn11bgs_manager37fill_hblank_effect_regular_attributesEPvPKNS_21regular_bg_attributesEPt.str1.4
                0x000000000800edf0       0x40 bn_bgs_manager.o
                                         0x4c (size before relaxing)
 .rodata._ZN2bn11bgs_manager36fill_hblank_effect_affine_attributesEPvPKNS_20affine_bg_attributesEPt.str1.4
                0x000000000800ee30       0x25 bn_bgs_manager.o
 *fill*         0x000000000800ee55        0x3 ff
 .rodata._GLOBAL__sub_I__ZN2bn4core4initEv.str1.4
                0x000000000800ee58        0x8 bn_core.o
 .rodata._ZN2bn18igeneric_pool_baseD2Ev.str1.4
                0x000000000800ee60       0x3a bn_generic_pool.o
                                         0x3e (size before relaxing)
 *fill*         0x000000000800ee9a        0x2 ff
 .rodata._ZN2bn18igeneric_pool_base9_allocateEv.str1.4
                0x000000000800ee9c       0x19 bn_generic_pool.o
 *fill*         0x000000000800eeb5        0x3 ff
 .rodata._ZN2bn22hblank_effects_manager12_GLOBAL__N_110_is_uint32ENS0_12handler_typeE.str1.4
                0x000000000800eeb8       0x3e bn_hblank_effects_manager.o
                                         0x42 (size before relaxing)
 *fill*         0x000000000800eef6        0x2 ff
 .rodata._ZN2bn22hblank_effects_manager12_GLOBAL__N_19item_type12check_updateEv.str1.4
                0x000000000800eef8      0x199 bn_hblank_effects_manager.o
 *fill*         0x000000000800f091        0x3 ff
 .rodata._ZN2bn22hblank_effects_manager12_GLOBAL__N_19item_type12check_updateEv
                0x000000000800f094       0xa4 bn_hblank_effects_manager.o
 .rodata._ZN2bn22hblank_effects_manager6updateEv.str1.4
                0x000000000800f138       0x25 bn_hblank_effects_manager.o
 *fill*         0x000000000800f15d        0x3 ff
 .rodata._ZN2bn22hblank_effects_manager4initEv.str1.4
                0x000000000800f160       0x27 bn_hblank_effects_manager.o
 *fill*         0x000000000800f187        0x1 ff
 .rodata._ZN2bn14keypad_manager6updateEv.str1.4
                0x000000000800f188       0x57 bn_keypad_manager.o
                                         0x5b (size before relaxing)
 *fill*         0x000000000800f1df        0x1 ff
 .rodata._ZN2bn14keypad_manager4initERKNS_11string_viewE.str1.4
                0x000000000800f1e0       0x54 bn_keypad_manager.o
 .rodata._ZN2bn13palettes_bank12create_bpp_8ERKNS_4spanIKNS_5colorEEENS_16compression_typeEb.str1.4
                0x000000000800f234       0xa7 bn_palettes_manager.o
                                         0xc7 (size before relaxing)
 *fill*         0x000000000800f2db        0x1 ff
 .rodata._ZN2bn13palettes_bank12create_bpp_4ERKNS_4spanIKNS_5colorEEEtb.str1.4
                0x000000000800f2dc       0x67 bn_palettes_manager.o
                                         0xa3 (size before relaxing)
 .rodata._ZN2bn14iunordered_mapItsNS_13palettes_bank15identity_hasherENS_8equal_toItEEE5eraseERKNS5_14const_iteratorE.isra.0.str1.4
                0x000000000800f343       0x21 bn_palettes_manager.o
 *fill*         0x000000000800f343        0x1 ff
 .rodata._ZN2bn26sprite_affine_mats_manager22reserve_sprite_handlesEi.str1.4
                0x000000000800f344       0x6a bn_sprite_affine_mats_manager.o
                                         0x72 (size before relaxing)
 *fill*         0x000000000800f3ae        0x2 ff
 .rodata._ZN2bn26sprite_affine_mats_manager12_GLOBAL__N_115_new_item_indexEv.str1.4
                0x000000000800f3b0       0x55 bn_sprite_affine_mats_manager.o
                                         0x69 (size before relaxing)
 .rodata._ZN2bn26sprite_affine_mats_manager15decrease_usagesEi.part.0.str1.4
                0x000000000800f405       0x1b bn_sprite_affine_mats_manager.o
 *fill*         0x000000000800f405        0x3 ff
 .rodata._ZN2bn26sprite_affine_mats_manager14dettach_spriteEiRNS_24intrusive_list_node_typeE.str1.4
                0x000000000800f408       0x22 bn_sprite_affine_mats_manager.o
 .rodata._ZN2bn20sprite_tiles_manager4initEv.str1.4
                0x000000000800f42a       0x2b bn_sprite_tiles_manager.o
 *fill*         0x000000000800f42a        0x2 ff
 .rodata._ZN2bn20sprite_tiles_manager12_GLOBAL__N_117_insert_free_itemEiPt.str1.4
                0x000000000800f42c       0x31 bn_sprite_tiles_manager.o
                                         0x45 (size before relaxing)
 .rodata._ZN2bn20sprite_tiles_manager12_GLOBAL__N_116_erase_free_itemEi.str1.4
                0x000000000800f45d       0x40 bn_sprite_tiles_manager.o
 .rodata._ZN2bn14iunordered_mapIPKNS_4tileEiNS_4hashIS3_EENS_8equal_toIS3_EEE5eraseERKNS8_14const_iteratorE.isra.0.str1.4
                0x000000000800f45d       0x56 bn_sprite_tiles_manager.o
 *fill*         0x000000000800f45d        0x3 ff
 .rodata._ZN2bn14sprite_builder20set_blending_enabledEb.str1.4
                0x000000000800f460       0x66 bn_sprites_manager.o
                                         0x6a (size before relaxing)
 *fill*         0x000000000800f4c6        0x2 ff
 .rodata._ZN2bn15sprites_manager20set_blending_enabledEPvb.str1.4
                0x000000000800f4c8       0x17 bn_sprites_manager.o
 *fill*         0x000000000800f4df        0x1 ff
 .rodata._ZNK2bn17sprite_shape_size11tiles_countENS_8bpp_modeE.str1.4
                0x000000000800f4e0       0x40 bn_sprites_manager.o
 .rodata._ZN2bn15sprites_manager12_GLOBAL__N_118_remove_affine_matERNS_20sprites_manager_itemE.str1.4
                0x000000000800f520       0x32 bn_sprites_manager.o
 .rodata._ZN2bn14sprite_builderC2ERKNS_17sprite_shape_sizeENS_16sprite_tiles_ptrENS_18sprite_palette_ptrE.str1.4
                0x000000000800f520       0x6a bn_sprites_manager.o
                                         0x6e (size before relaxing)
 *fill*         0x000000000800f58a        0x2 ff
 .rodata._ZN2bn15sprites_manager6updateEv.str1.4
                0x000000000800f58c       0x2f bn_sprites_manager.o
 *fill*         0x000000000800f5bb        0x1 ff
 .rodata._ZN2bn15sprites_manager35fill_hblank_effect_third_attributesENS_17sprite_shape_sizeEPKNS_23sprite_third_attributesEPt.str1.4
                0x000000000800f5bc       0x93 bn_sprites_manager.o
 *fill*         0x000000000800f64f        0x1 ff
 .rodata._ZN2bn2hw7sprites12_GLOBAL__N_1L10_obj_sizesE
                0x000000000800f650       0x18 bn_sprites_manager.o
 .rodata._ZN3_bn6assert9show_argsIJA19_ciA4_ciEEEvPKcS5_S5_iDpRKT_.str1.4
                0x000000000800f668       0x3f bn_sstream.o
                                         0x43 (size before relaxing)
 *fill*         0x000000000800f6a7        0x1 ff
 .rodata._ZN2bn13ostringstream6appendEi.str1.4
                0x000000000800f6a8       0x3e bn_sstream.o
                                         0x52 (size before relaxing)
 *fill*         0x000000000800f6e6        0x2 ff
 .rodata._ZN2bn2hw5audio12_GLOBAL__N_119_add_sound_to_queueEit.str1.4
                0x000000000800f6e8       0x31 bn_hw_audio.bn_noflto.o
                                         0x35 (size before relaxing)
 *fill*         0x000000000800f719        0x3 ff
 .rodata._ZN2bn2hw5audio15stop_all_soundsEv.str1.4
                0x000000000800f71c       0x35 bn_hw_audio.bn_noflto.o
 *fill*         0x000000000800f751        0x3 ff
 .rodata._ZN2bn2hw5audio12_GLOBAL__N_119_check_sounds_queueEv.part.0.str1.4
                0x000000000800f754        0xa bn_hw_audio.bn_noflto.o
                                         0x22 (size before relaxing)
 *fill*         0x000000000800f75e        0x2 ff
 .rodata._ZN2bn2hw5audio19update_sounds_queueEv.str1.4
                0x000000000800f760        0xc bn_hw_audio.bn_noflto.o
 .rodata.__cxa_pure_virtual.str1.4
                0x000000000800f76c       0x4b bn_hw_common.bn_noflto.o
                                         0x4f (size before relaxing)
 *fill*         0x000000000800f7b7        0x1 ff
 .rodata.__aeabi_idiv0.str1.4
                0x000000000800f7b8       0x38 bn_hw_common.bn_noflto.o
 .rodata._ZN2bn2hw8game_pak12_GLOBAL__N_1L8rom_dataE
                0x000000000800f7f0        0xc bn_hw_game_pak.bn_ewram.o
 .rodata._ZN2bn2hw4link4sendEi.str1.4
                0x000000000800f7fc       0x1b bn_hw_link.o
                                         0x2b (size before relaxing)
 *fill*         0x000000000800f817        0x1 ff
 .rodata._ZN2bn2hw8palettes12_GLOBAL__N_1L13hue_shift_lutE
                0x000000000800f818      0x4a4 bn_hw_palettes.o
 .rodata._ZN2bn2hw8palettes12_GLOBAL__N_1L13intensity_lutE
                0x000000000800fcbc      0x420 bn_hw_palettes.o
 .rodata._ZN2bn2hw8palettes12_GLOBAL__N_1L12contrast_lutE
                0x00000000080100dc      0x420 bn_hw_palettes.o
 .rodata._ZN2bn2hw4show5errorERKNS_11system_fontERKNS_11string_viewES7_S7_iS7_S7_.str1.4